base=8b1c26ceb1fd781eab55a34fdc17d376dcc03c1b prior_head=c6410dbb71d9aaeb879c0569c16e335d8df3617d
== delta vs prior head
evidence/SF-M06-002/correction/coverage.log
evidence/SF-M06-002/correction/depcruise.log
evidence/SF-M06-002/correction/eslint.log
evidence/SF-M06-002/correction/gates.log
evidence/SF-M06-002/correction/integration.log
evidence/SF-M06-002/correction/prettier.log
evidence/SF-M06-002/correction/scope.log
evidence/SF-M06-002/correction/semgrep-local.log
evidence/SF-M06-002/correction/typecheck.log
evidence/SF-M06-002/correction/unit.log
evidence/SF-M06-002/EVIDENCE.md
evidence/SF-M06-002/junit/integration.xml
evidence/SF-M06-002/junit/unit.xml
orchestrator/handovers/SF-M06-002.yaml
services/cmp-025-notification/src/api/handler.ts
services/cmp-025-notification/src/domain/model.ts
services/cmp-025-notification/src/domain/pii-guard.ts
services/cmp-025-notification/src/domain/simulation.ts
services/cmp-025-notification/src/domain/template.ts
services/cmp-025-notification/src/service/input.ts
services/cmp-025-notification/test/doubles/fixtures.ts
services/cmp-025-notification/test/unit/delivery.test.ts
services/cmp-025-notification/test/unit/model-validators.test.ts
== out of scope:
(none)
== lockfile/contracts/apps/specs/workflows/semgrep touched:
(none)
== suppression markers in package:
RESULT=PASS
