
> @serviceform/cmp-016-workflow-engine@0.0.0 test:temporal /workspace/services/cmp-016-workflow-engine
> vitest run --config vitest.temporal.config.ts


 RUN  v5.0.3 /workspace/services/cmp-016-workflow-engine

2026-10-05T14:02:15.432Z [INFO] asset workflow-bundle-9da4bc6de219da9f2be6.js 1.75 MiB [emitted] [immutable] (name: main)
runtime modules 883 bytes 4 modules
modules by path ../../../tmp/temporal-deps/node_modules/@temporalio/ 388 KiB
  modules by path ../../../tmp/temporal-deps/node_modules/@temporalio/common/lib/ 165 KiB 36 modules
  modules by path ../../../tmp/temporal-deps/node_modules/@temporalio/workflow/ 223 KiB 29 modules
modules by path ../../../tmp/temporal-deps/node_modules/nexus-rpc/lib/ 22.3 KiB 13 modules
modules by path ./src/ 52.8 KiB
  modules by path ./src/domain/*.ts 40.6 KiB 6 modules
  modules by path ./src/temporal/ 8.77 KiB 4 modules
  ./src/errors.ts 3.43 KiB [built] [code generated]
optional modules 30 bytes [optional]
  __temporal_custom_payload_converter (ignored) 15 bytes [optional] [built] [code generated]
  __temporal_custom_failure_converter (ignored) 15 bytes [optional] [built] [code generated]
../../../tmp/temporal-deps/node_modules/long/umd/index.js 49.8 KiB [built] [code generated]
../../../tmp/temporal-deps/node_modules/ms/dist/index.cjs 3.41 KiB [built] [code generated]
webpack 5.111.1 compiled successfully in 587 ms
2026-10-05T14:02:15.440Z [INFO] Workflow bundle created { size: '1.75MB' }
2026-10-05T14:02:15.657488Z  WARN temporalio_sdk_core::worker: Temporal Server 1.16.0 or newer is required to guarantee that the latest heartbeat details are preserved when an activity fails; the server did not advertise the activity_failure_include_heartbeat capability, so heartbeat details may be lost on failure
2026-10-05T14:02:15.658Z [INFO] Worker state changed {
  sdkComponent: 'worker',
  taskQueue: 'sf-workflow-sdk-test',
  state: 'RUNNING'
}
2026-10-05T14:02:15.660Z [INFO] No Nexus services registered, not polling for Nexus tasks { sdkComponent: 'worker', taskQueue: 'sf-workflow-sdk-test' }
2026-10-05T14:02:16.167Z [WARN] workflow event rejected {
  sdkComponent: 'workflow',
  taskQueue: 'sf-workflow-sdk-test',
  namespace: 'default',
  workflowId: 'sf-wf:11111111-1111-4111-8111-111111111111:95f7bc62-e17a-4750-9c96-ebfd96cad49d',
  runId: '267eded1-8d94-4b32-9448-367a9f50f5da',
  workflowType: 'serviceformCanonicalWorkflow',
  event: 'COMMITTED',
  code: 'SF-WF-001',
  detail: 'ADVANCE_BEFORE_DOMAIN_COMMIT'
}
2026-10-05T14:02:16.358Z [WARN] workflow event rejected {
  sdkComponent: 'workflow',
  taskQueue: 'sf-workflow-sdk-test',
  namespace: 'default',
  workflowId: 'sf-wf:11111111-1111-4111-8111-111111111111:be7e0130-f99b-46ed-80f0-2150e7350de0',
  runId: '3505a843-0fa4-4366-ab41-3bab336ccfbd',
  workflowType: 'serviceformCanonicalWorkflow',
  event: 'COMMITTED',
  code: 'SF-TEN-002',
  detail: 'SIGNAL_SCOPE_MISMATCH'
}
2026-10-05T14:02:16.991Z [WARN] Activity failed {
  sdkComponent: 'worker',
  taskQueue: 'sf-workflow-sdk-test',
  isLocal: false,
  attempt: 1,
  namespace: 'default',
  taskToken: 'AAdkZWZhdWx0AE9zZi13ZjoxMTExMTExMS0xMTExLTQxMTEtODExMS0xMTExMTExMTExMTE6YzZjMjg1OGMtN2Q0My00YzA3LTk5ZDktM2E3M2Y3Zjk5NDNhACQ4OTdiODg2Zi0xNGRlLTQxMjMtOGE4ZC01MzRlMWUzNzQyZTYAAAAAAAAAEQAAAAE=',
  activityId: '3',
  activityType: 'createHumanTask',
  workflowId: 'sf-wf:11111111-1111-4111-8111-111111111111:c6c2858c-7d43-4c07-99d9-3a73f7f9943a',
  workflowRunId: '897b886f-14de-4123-8a8d-534e1e3742e6',
  workflowType: 'serviceformCanonicalWorkflow',
  error: Error: CMP-017 temporarily unavailable
      at Object.create (/workspace/services/cmp-016-workflow-engine/test/temporal/sdk-worker.int.test.ts:77:13)
      at performEffect (/workspace/services/cmp-016-workflow-engine/src/temporal/activities.ts:49:30)
      at createHumanTask (/workspace/services/cmp-016-workflow-engine/src/temporal/sdk/activities.ts:47:13)
      at executeNextHandler (/tmp/temporal-deps/node_modules/@temporalio/worker/lib/activity.js:102:54)
      at Activity.execute (/tmp/temporal-deps/node_modules/@temporalio/worker/lib/activity.js:104:26)
      at /tmp/temporal-deps/node_modules/@temporalio/worker/lib/activity.js:152:29
      at AsyncLocalStorage.run (node:internal/async_local_storage/async_hooks:91:14)
      at NativeConnection.withAbortSignal (/tmp/temporal-deps/node_modules/@temporalio/worker/lib/connection.js:172:46)
      at Client.withAbortSignal (/tmp/temporal-deps/node_modules/@temporalio/client/lib/base-client.js:65:38)
      at Activity.executeWithClient (/tmp/temporal-deps/node_modules/@temporalio/worker/lib/activity.js:151:33),
  durationMs: 0
}
2026-10-05T14:02:18.048Z [WARN] Workflow failed {
  sdkComponent: 'worker',
  taskQueue: 'sf-workflow-sdk-test',
  namespace: 'default',
  workflowId: 'raw-bpmn-22e9b68c-5a4c-4aad-b40f-d921a7692337',
  runId: '66f3cc3f-884d-43b9-bf53-6434dcbeaec3',
  workflowType: 'serviceformCanonicalWorkflow',
  error: ApplicationFailure: MODEL_INVALID
      at Function.nonRetryable (/tmp/temporal-deps/node_modules/@temporalio/common/src/failure.ts:254:11)
      at nonRetryable (/workspace/services/cmp-016-workflow-engine/src/temporal/sdk/workflows.ts:43:28)
      at failure (/workspace/services/cmp-016-workflow-engine/src/temporal/sdk/workflows.ts:127:42)
      at Script.runInContext (node:vm:149:12)
      at Proxy.<anonymous> (/tmp/temporal-deps/node_modules/@temporalio/worker/lib/workflow/reusable-vm.js:216:45)
      at ReusableVMWorkflow.activate (/tmp/temporal-deps/node_modules/@temporalio/worker/lib/workflow/vm-shared.js:403:37)
      at handleRequest (/tmp/temporal-deps/node_modules/@temporalio/worker/lib/workflow/workflow-worker-thread.js:73:47)
      at MessagePort.<anonymous> (/tmp/temporal-deps/node_modules/@temporalio/worker/lib/workflow/workflow-worker-thread.js:145:28)
      at [nodejs.internal.kHybridDispatch] (node:internal/event_target:827:20)
      at MessagePort.<anonymous> (node:internal/per_context/messageport:23:28) {
    [cause]: undefined
  }
}
2026-10-05T14:02:18.058Z [WARN] Workflow failed {
  sdkComponent: 'worker',
  taskQueue: 'sf-workflow-sdk-test',
  namespace: 'default',
  workflowId: 'raw-engine-22e9b68c-5a4c-4aad-b40f-d921a7692337',
  runId: 'c2d57db0-4bd8-465c-a162-cc49557d7fdd',
  workflowType: 'serviceformCanonicalWorkflow',
  error: ApplicationFailure: BPMN_RUNTIME_FORBIDDEN
      at Function.nonRetryable (/tmp/temporal-deps/node_modules/@temporalio/common/src/failure.ts:254:11)
      at nonRetryable (/workspace/services/cmp-016-workflow-engine/src/temporal/sdk/workflows.ts:43:28)
      at failure (/workspace/services/cmp-016-workflow-engine/src/temporal/sdk/workflows.ts:127:42)
      at Script.runInContext (node:vm:149:12)
      at Proxy.<anonymous> (/tmp/temporal-deps/node_modules/@temporalio/worker/lib/workflow/reusable-vm.js:216:45)
      at ReusableVMWorkflow.activate (/tmp/temporal-deps/node_modules/@temporalio/worker/lib/workflow/vm-shared.js:403:37)
      at handleRequest (/tmp/temporal-deps/node_modules/@temporalio/worker/lib/workflow/workflow-worker-thread.js:73:47)
      at MessagePort.<anonymous> (/tmp/temporal-deps/node_modules/@temporalio/worker/lib/workflow/workflow-worker-thread.js:145:28)
      at [nodejs.internal.kHybridDispatch] (node:internal/event_target:827:20)
      at MessagePort.<anonymous> (node:internal/per_context/messageport:23:28) {
    [cause]: undefined
  }
}
2026-10-05T14:02:18.091Z [WARN] Workflow failed {
  sdkComponent: 'worker',
  taskQueue: 'sf-workflow-sdk-test',
  namespace: 'default',
  workflowId: 'raw-officer-9f7e47f5-ad2a-49ed-b5c5-cf9233e3dc32',
  runId: '5a544eff-18d2-47a7-9118-2e7109b9aa12',
  workflowType: 'serviceformCanonicalWorkflow',
  error: ApplicationFailure: NAMED_OFFICER_FORBIDDEN
      at Function.nonRetryable (/tmp/temporal-deps/node_modules/@temporalio/common/src/failure.ts:254:11)
      at nonRetryable (/workspace/services/cmp-016-workflow-engine/src/temporal/sdk/workflows.ts:43:28)
      at failure (/workspace/services/cmp-016-workflow-engine/src/temporal/sdk/workflows.ts:127:42)
      at Script.runInContext (node:vm:149:12)
      at Proxy.<anonymous> (/tmp/temporal-deps/node_modules/@temporalio/worker/lib/workflow/reusable-vm.js:216:45)
      at ReusableVMWorkflow.activate (/tmp/temporal-deps/node_modules/@temporalio/worker/lib/workflow/vm-shared.js:403:37)
      at handleRequest (/tmp/temporal-deps/node_modules/@temporalio/worker/lib/workflow/workflow-worker-thread.js:73:47)
      at MessagePort.<anonymous> (/tmp/temporal-deps/node_modules/@temporalio/worker/lib/workflow/workflow-worker-thread.js:145:28)
      at [nodejs.internal.kHybridDispatch] (node:internal/event_target:827:20)
      at MessagePort.<anonymous> (node:internal/per_context/messageport:23:28) {
    [cause]: undefined
  }
}
2026-10-05T14:02:18.095Z [INFO] Worker state changed {
  sdkComponent: 'worker',
  taskQueue: 'sf-workflow-sdk-test',
  state: 'STOPPING'
}
2026-10-05T14:02:18.095Z [INFO] Worker state changed {
  sdkComponent: 'worker',
  taskQueue: 'sf-workflow-sdk-test',
  state: 'DRAINING'
}
2026-10-05T14:02:18.099Z [INFO] Worker state changed {
  sdkComponent: 'worker',
  taskQueue: 'sf-workflow-sdk-test',
  state: 'DRAINED'
}
2026-10-05T14:02:18.099Z [INFO] Worker state changed {
  sdkComponent: 'worker',
  taskQueue: 'sf-workflow-sdk-test',
  state: 'STOPPED'
}
 ✓ test/temporal/sdk-worker.int.test.ts (12 tests) 4229ms
   ✓ Temporal SDK binding: worker, client, signals, timers, activities (time-skipping server) (12)
     ✓ activities are retry-safe: a failed CMP-017 call is retried with the same idempotency key 1057ms

 Test Files  1 passed (1)
      Tests  12 passed (12)
   Start at  14:02:13
   Duration  4.81s (tests 90%, import 7%, transform 4%)

JUNIT report written to /workspace/services/cmp-016-workflow-engine/evidence/junit/temporal.xml
