Scope: all 37 workspace projects
Lockfile is up to date, resolution step is skipped
Progress: resolved 1, reused 0, downloaded 0, added 0
Packages: +389
++++++++++++++++++++++++++++++++++++++++++++++++++++++++++++++++++++++++++++++++
Progress: resolved 389, reused 2, downloaded 164, added 139
Progress: resolved 389, reused 2, downloaded 345, added 266
Progress: resolved 389, reused 2, downloaded 386, added 388
Progress: resolved 389, reused 2, downloaded 387, added 389, done
.../esbuild@0.28.2/node_modules/esbuild postinstall$ node install.js
.../esbuild@0.28.2/node_modules/esbuild postinstall: Done

devDependencies:
+ @axe-core/playwright 4.13.0
+ @eslint/js 9.39.5
+ @next/eslint-plugin-next 16.3.8
+ @playwright/test 1.63.0
+ @types/node 22.20.5
+ @vitest/coverage-v8 5.0.3
+ dependency-cruiser 18.5.0
+ eslint 9.39.5
+ eslint-plugin-security 4.2.0
+ globals 17.13.0
+ prettier 3.9.9
+ typescript 6.0.3
+ typescript-eslint 8.71.0
+ vitest 5.0.3

Done in 4.4s using pnpm v10.28.0
