MATCH SF-CON-AUDIT-EVENT status=FROZEN
MATCH SF-CON-AUTHZ-DECISION status=FROZEN
MATCH SF-CON-COMMON status=FROZEN
MATCH SF-CON-CONNECTOR-BINDING status=FROZEN
MATCH SF-CON-ERROR-RESPONSE status=FROZEN
MATCH SF-CON-EVENT-ENVELOPE status=FROZEN
MATCH SF-CON-IDEMPOTENCY status=FROZEN
MATCH SF-CON-ISOLATION-DECLARATION status=FROZEN
MATCH SF-CON-REQUEST-CONTEXT status=FROZEN
MATCH SF-CON-SIMULATION-MARKER status=FROZEN
MATCH SF-CON-ERROR-CATALOGUE status=FROZEN
MATCH SF-CON-DB-SESSION-CONTEXT status=FROZEN
MATCH SF-CON-OUTBOX status=FROZEN
MATCH SF-CON-APPLICATION-CASE-SM status=FROZEN
MATCH SF-CON-WORKFLOW-MODEL status=FROZEN
MATCH SF-CON-COMMAND-TRANSITION status=FROZEN
MATCH SF-CON-HUMAN-TASK status=FROZEN
MATCH SF-CON-SLA-CLOCK status=FROZEN
MATCH SF-CON-VERSION-PINNING status=FROZEN
MATCH SF-CON-FEE-QUOTE status=FROZEN
MATCH SF-CON-PAYMENT-INTENT status=FROZEN
MATCH SF-CON-PAYMENT-CALLBACK status=FROZEN
MATCH SF-CON-NOTIFICATION-DISPATCH status=FROZEN
MATCH SF-CON-MESSAGE-THREAD status=FROZEN
MATCH SF-CON-SEARCH-DOCUMENT status=FROZEN
MATCH SF-CON-DISCOVERY-QUERY status=FROZEN
MATCH SF-CON-RECOMMENDATION status=FROZEN
MATCH SF-CON-ANALYTICS-METRIC status=FROZEN
MATCH SF-CON-RETENTION-POLICY status=FROZEN
29/29 MATCH
