
 RUN  v5.0.3 /workspace
      Coverage enabled with v8

 ✓ packages/connector-sdk/test/events.test.ts (1 test) 54ms
 ✓ services/cmp-037-integration-hub/test/pg.test.ts (1 test) 72ms
 ✓ packages/connector-sdk/test/modes.test.ts (5 tests) 58ms
 ✓ services/cmp-037-integration-hub/test/echo.test.ts (2 tests) 60ms
 ✓ services/cmp-037-integration-hub/test/invoke.test.ts (8 tests) 177ms
 ✓ packages/connector-sdk/test/guarded-fetch.test.ts (1 test) 26ms
 ✓ packages/connector-sdk/test/no-txn-guard.test.ts (1 test) 4ms
 ✓ services/cmp-037-integration-hub/test/config.test.ts (1 test) 4ms
 ✓ packages/connector-sdk/test/egress-imports.test.ts (1 test) 4ms
 ✓ packages/connector-sdk/test/retry.test.ts (4 tests) 4ms
 ✓ packages/connector-sdk/test/webhook.test.ts (1 test) 4ms
 ✓ packages/connector-sdk/test/secrets.test.ts (1 test) 3ms
 ✓ packages/connector-sdk/test/circuit-breaker.test.ts (1 test) 3ms

 Test Files  13 passed (13)
      Tests  28 passed (28)
   Start at  16:54:49
   Duration  1.30s (import 41%, transform 27%, tests 22%, worker 10%)

    Isolate  13 workers spawned · ~85ms startup each (spawn + environment, per file)
             at least ~284ms faster with isolate: false — reuses workers across files instead of one per file

JUNIT report written to /workspace/evidence/SF-M01-005/junit/unit.xml
 % Coverage report from v8

=============================== Coverage summary ===============================
Statements   : 88.72% ( 543/612 )
Branches     : 72.23% ( 372/515 )
Functions    : 95.31% ( 122/128 )
Lines        : 92.15% ( 505/548 )
================================================================================
