
> serviceform-ai@ test:coverage /workspace
> vitest run --coverage


 RUN  v5.0.3 /workspace
      Coverage enabled with v8

 ✓ services/cmp-015-application-case/test/unit/service.test.ts (48 tests) 96ms
 ✓ services/cmp-002-tenant-organisation/test/unit/plugin-http.test.ts (15 tests) 260ms
 ✓ services/cmp-011-evidence-requirements/test/unit/plugin-http.test.ts (27 tests) 378ms
 ✓ services/cmp-013-document-upload/test/unit/upload-http.test.ts (30 tests) 652ms
 ✓ services/cmp-037-integration-hub/test/invoke.test.ts (8 tests) 135ms
 ✓ services/cmp-039-ai-gateway/test/unit/gateway.test.ts (23 tests) 491ms
 ✓ services/cmp-002-tenant-organisation/test/unit/db-repo.test.ts (9 tests) 71ms
 ✓ services/cmp-015-application-case/test/contract/frozen-contracts.test.ts (26 tests) 175ms
 ✓ services/cmp-008-rules/test/unit/plugin-http.test.ts (15 tests) 216ms
 ✓ services/cmp-048-security-platform/test/service-commands.test.ts (12 tests) 165ms
 ✓ services/cmp-011-evidence-requirements/test/unit/resolver.test.ts (32 tests) 16ms
 ✓ services/cmp-015-application-case/test/unit/domain.test.ts (18 tests) 12ms
 ✓ services/cmp-053-localization/test/unit/plugin-api.test.ts (3 tests) 174ms
{"level":"warn","time":"2026-10-05T12:51:16.279Z","service":"@serviceform/outbox","version":"0.0.0","error_code":"ENVELOPE_INVALID","message":"dead-lettered"}
{"level":"warn","time":"2026-10-05T12:51:16.288Z","service":"@serviceform/outbox","version":"0.0.0","event_id":"8c2f0a7b-d39f-4c1b-a48c-bf7a5b9d3e08","error_code":"PARTITION_KEY_MISMATCH","message":"dead-lettered"}
{"level":"warn","time":"2026-10-05T12:51:16.297Z","service":"@serviceform/outbox","version":"0.0.0","event_id":"8c2f0a7b-d39f-4c1b-a48c-bf7a5b9d3e08","error_code":"DATA_SCHEMA_INVALID","message":"dead-lettered"}
{"level":"info","time":"2026-10-05T12:51:16.300Z","service":"@serviceform/outbox","version":"0.0.0","event_id":"8c2f0a7b-d39f-4c1b-a48c-bf7a5b9d3e08","message":"lost lease; retry skipped"}
{"level":"info","time":"2026-10-05T12:51:16.302Z","service":"@serviceform/outbox","version":"0.0.0","event_id":"8c2f0a7b-d39f-4c1b-a48c-bf7a5b9d3e08","message":"lost lease; mark skipped"}
{"level":"warn","time":"2026-10-05T12:51:16.308Z","service":"@serviceform/outbox","version":"0.0.0","event_id":"8c2f0a7b-d39f-4c1b-a48c-bf7a5b9d3e08","error_code":"TENANCY_MISMATCH","message":"dead-lettered"}
{"level":"error","time":"2026-10-05T12:51:16.314Z","service":"@serviceform/outbox","version":"0.0.0","error_code":"PUBLISHER_LOOP","message":"Error: sql-fail"}
 ✓ packages/outbox/test/publisher.test.ts (8 tests) 119ms
 ✓ services/cmp-031-audit-ledger/test/unit/http-routes.test.ts (13 tests) 230ms
 ✓ services/cmp-004-identity-access/test/unit/plugin-http.test.ts (5 tests) 149ms
 ✓ apps/api/test/composition-m04.test.ts (10 tests) 1876ms
   ✓ CMP-036 host M04 mounts (REQ: host-mount-m04, INT-011, PLAN-REVIEW-single-writer-apps-api) (9)
     ✓ mounts each M04 component independently 415ms
     ✓ keeps M01/M02/M03 mount lists unchanged when M04 is registered 883ms
 ✓ services/cmp-015-application-case/test/unit/pg-store.test.ts (6 tests) 10ms
 ✓ services/cmp-013-document-upload/test/unit/domain.test.ts (26 tests) 77ms
 ✓ services/cmp-014-document-intelligence/test/unit/intelligence-http.test.ts (12 tests) 382ms
 ✓ services/cmp-015-application-case/test/unit/http.test.ts (21 tests) 27ms
 ✓ packages/outbox/test/kafka.test.ts (7 tests) 27ms
 ✓ services/cmp-011-evidence-requirements/test/unit/policy-predicate.test.ts (42 tests) 13ms
 ✓ services/cmp-037-integration-hub/test/pg.test.ts (1 test) 63ms
 ✓ services/cmp-005-citizen-profile/test/unit/plugin-http.test.ts (8 tests) 205ms
 ✓ services/cmp-001-catalogue/test/unit/plugin-http.test.ts (7 tests) 195ms
 ✓ packages/ui-ux4g/test/foundation.test.tsx (17 tests) 11ms
 ✓ services/cmp-009-dynamic-forms/test/unit/plugin-http.test.ts (9 tests) 189ms
 ✓ services/cmp-031-audit-ledger/test/unit/service-units.test.ts (8 tests) 327ms
 ✓ apps/api/test/composition-m03.test.ts (5 tests) 589ms
   ✓ CMP-036 host M03 mounts (REQ: host-mount-m03, INT-011, PLAN-REVIEW-single-writer-apps-api) (4)
     ✓ mounts CMP-001/033/034/051/052/053 under /v1 with frozen deny envelopes and no tenant-header leakage 339ms
 ✓ services/cmp-013-document-upload/test/contract/contracts.test.ts (10 tests) 161ms
 ✓ apps/api/test/composition.test.ts (7 tests) 512ms
 ✓ apps/api/test/app.test.ts (14 tests) 271ms
 ✓ services/cmp-005-citizen-profile/test/unit/domain-authz.test.ts (5 tests) 82ms
 ✓ services/cmp-031-audit-ledger/test/unit/repos-tx.test.ts (8 tests) 73ms
 ✓ packages/security/test/plugin.test.ts (8 tests) 151ms
 ✓ services/cmp-039-ai-gateway/test/unit/guards-config.test.ts (10 tests) 57ms
 ✓ services/cmp-033-metadata/test/unit/plugin-http.test.ts (3 tests) 132ms
 ✓ services/cmp-009-dynamic-forms/test/unit/runtime.test.ts (8 tests) 8ms
 ✓ apps/api/test/composition-m02.test.ts (4 tests) 350ms
 ✓ services/cmp-031-audit-ledger/test/unit/ledger-writer.test.ts (11 tests) 62ms
 ✓ services/cmp-014-document-intelligence/test/contract/contracts.test.ts (8 tests) 162ms
 ✓ services/cmp-002-tenant-organisation/test/unit/authz-context-audit.test.ts (7 tests) 83ms
 ✓ services/cmp-050-studio-portal/test/unit/int002-journey.test.ts (2 tests) 5ms
 ✓ services/cmp-011-evidence-requirements/test/contract/contracts.test.ts (7 tests) 60ms
 ✓ services/cmp-031-audit-ledger/test/unit/query-clock.test.ts (6 tests) 7ms
 ✓ services/cmp-034-master-data/test/unit/plugin-http.test.ts (2 tests) 182ms
 ✓ packages/outbox/test/producer.test.ts (8 tests) 60ms
 ✓ packages/connector-sdk/test/modes.test.ts (5 tests) 58ms
 ✓ packages/outbox/test/inbox.test.ts (3 tests) 60ms
 ✓ services/cmp-033-metadata/test/unit/kinds-payload.test.ts (5 tests) 7ms
 ✓ services/cmp-052-versioning/test/unit/plugin-http.test.ts (2 tests) 149ms
 ✓ packages/contracts/test/contracts.test.ts (10 tests) 110ms
 ✓ services/cmp-004-identity-access/test/unit/adapters.test.ts (4 tests) 74ms
 ✓ services/cmp-005-citizen-profile/test/contract/contracts.test.ts (4 tests) 68ms
 ✓ services/cmp-015-application-case/test/unit/pipeline.test.ts (6 tests) 8ms
 ✓ services/cmp-051-maker-checker/test/unit/plugin-http.test.ts (2 tests) 149ms
 ✓ services/cmp-053-localization/test/contract/contracts.test.ts (5 tests) 81ms
 ✓ services/cmp-002-tenant-organisation/test/contract/contracts.test.ts (3 tests) 62ms
 ✓ services/cmp-005-citizen-profile/test/unit/db-repo.test.ts (1 test) 58ms
 ✓ services/cmp-030-consent-privacy/test/unit/authz-context.test.ts (4 tests) 83ms
 ✓ services/cmp-001-catalogue/test/contract/contracts.test.ts (5 tests) 79ms
 ✓ services/cmp-031-audit-ledger/test/unit/verify-chain.test.ts (4 tests) 7ms
 ✓ services/cmp-030-consent-privacy/test/contract/contracts.test.ts (3 tests) 62ms
 ✓ services/cmp-003-jurisdiction/test/contract/contracts.test.ts (4 tests) 63ms
 ✓ services/cmp-034-master-data/test/contract/contracts.test.ts (4 tests) 63ms
 ✓ packages/outbox/test/role-guard.test.ts (2 tests) 6ms
 ✓ services/cmp-004-identity-access/test/unit/principal-verifier.test.ts (3 tests) 5ms
 ✓ services/cmp-004-identity-access/test/contract/contracts.test.ts (4 tests) 65ms
 ✓ services/cmp-038-event-bus/test/unit/operator-actions.test.ts (2 tests) 55ms
 ✓ services/cmp-038-event-bus/test/unit/compatibility.test.ts (4 tests) 5ms
 ✓ services/cmp-036-api-gateway/test/edge.test.ts (6 tests) 91ms
 ✓ services/cmp-008-rules/test/unit/jdm.test.ts (18 tests) 11ms
 ✓ services/cmp-037-integration-hub/test/echo.test.ts (2 tests) 48ms
 ✓ packages/outbox/test/in-memory-transport.test.ts (3 tests) 5ms
 ✓ services/cmp-008-rules/test/contract/contracts.test.ts (4 tests) 69ms
 ✓ services/cmp-009-dynamic-forms/test/contract/contracts.test.ts (4 tests) 58ms
 ✓ packages/security/test/pdp-client.fault.test.ts (8 tests) 101ms
 ✓ services/cmp-032-storage/test/contract/contracts.test.ts (4 tests) 66ms
 ✓ services/cmp-038-event-bus/test/unit/registry-service.test.ts (2 tests) 5ms
 ✓ services/cmp-008-rules/test/unit/constitution.test.ts (6 tests) 7ms
 ✓ services/cmp-033-metadata/test/contract/contracts.test.ts (4 tests) 58ms
 ✓ services/cmp-009-dynamic-forms/test/unit/constitution.test.ts (5 tests) 7ms
 ✓ services/cmp-008-rules/test/unit/config-ports.test.ts (6 tests) 71ms
 ✓ services/cmp-031-audit-ledger/test/unit/handle-envelope.test.ts (5 tests) 69ms
 ✓ services/cmp-039-ai-gateway/test/contract/contracts.test.ts (4 tests) 56ms
 ✓ services/cmp-009-dynamic-forms/test/unit/config-ports.test.ts (4 tests) 67ms
 ✓ services/cmp-050-studio-portal/test/unit/bff-handlers.test.ts (3 tests) 53ms
 ✓ services/cmp-052-versioning/test/contract/contracts.test.ts (4 tests) 68ms
 ✓ services/cmp-051-maker-checker/test/contract/contracts.test.ts (4 tests) 55ms
 ✓ services/cmp-053-localization/test/unit/domain.test.ts (7 tests) 67ms
 ✓ services/cmp-033-metadata/test/unit/modes-authz.test.ts (6 tests) 68ms
 ✓ packages/storage/test/simulated-store.test.ts (3 tests) 52ms
 ✓ apps/web-studio/test/bff.test.ts (3 tests) 25ms
 ✓ services/cmp-051-maker-checker/test/unit/modes-authz.test.ts (6 tests) 75ms
 ✓ services/cmp-050-studio-portal/test/unit/session.test.ts (6 tests) 6ms
 ✓ services/cmp-002-tenant-organisation/test/unit/domain.test.ts (4 tests) 4ms
 ✓ packages/audit-client/test/http-sink.test.ts (3 tests) 24ms
 ✓ services/cmp-008-rules/test/unit/engine.test.ts (7 tests) 15ms
 ✓ services/cmp-001-catalogue/test/unit/domain.test.ts (6 tests) 5ms
 ✓ services/cmp-030-consent-privacy/test/unit/plugin-http.test.ts (1 test) 89ms
 ✓ services/cmp-032-storage/test/unit/store-service.test.ts (1 test) 5ms
 ✓ packages/observability/test/redaction.test.ts (3 tests) 10ms
 ✓ packages/security/test/rate-limit.test.ts (3 tests) 102ms
 ✓ services/cmp-052-versioning/test/unit/modes-authz.test.ts (4 tests) 66ms
 ✓ services/cmp-034-master-data/test/unit/domain.test.ts (5 tests) 57ms
 ✓ packages/connector-sdk/test/guarded-fetch.test.ts (1 test) 20ms
 ✓ services/cmp-050-studio-portal/test/unit/public-api.test.ts (1 test) 19ms
 ✓ services/cmp-003-jurisdiction/test/unit/domain.test.ts (5 tests) 7ms
 ✓ packages/audit-client/test/build-event.test.ts (2 tests) 78ms
 ✓ packages/connector-sdk/test/retry.test.ts (5 tests) 4ms
 ✓ services/cmp-030-consent-privacy/test/unit/access-check.test.ts (4 tests) 6ms
 ✓ services/cmp-039-ai-gateway/test/unit/redaction.test.ts (14 tests) 67ms
 ✓ services/cmp-050-studio-portal/test/unit/maker-checker-ux.test.ts (3 tests) 4ms
 ✓ services/cmp-031-audit-ledger/test/contract/audit-event.test.ts (3 tests) 75ms
 ✓ packages/observability/test/access-log.test.ts (3 tests) 10ms
 ✓ packages/outbox/test/tx.test.ts (2 tests) 4ms
 ✓ services/cmp-032-storage/test/unit/modes-authz.test.ts (4 tests) 72ms
 ✓ services/cmp-048-security-platform/test/events.test.ts (2 tests) 52ms
 ✓ packages/outbox/test/identifiers.test.ts (5 tests) 5ms
 ✓ services/cmp-047-observability/test/plugin.test.ts (2 tests) 60ms
 ✓ packages/security/test/local-kms.test.ts (2 tests) 19ms
 ✓ packages/connector-sdk/test/events.test.ts (1 test) 58ms
 ✓ packages/security/test/local-secrets-provider.test.ts (2 tests) 12ms
 ✓ services/cmp-038-event-bus/test/unit/sync.test.ts (3 tests) 6ms
 ✓ services/cmp-055-developer-platform/test/openapi-pipeline.test.ts (5 tests) 8ms
 ✓ packages/outbox/test/claim.test.ts (1 test) 3ms
 ✓ packages/outbox/test/registry-port.test.ts (3 tests) 4ms
 ✓ services/cmp-038-event-bus/test/unit/relay.test.ts (2 tests) 5ms
 ✓ packages/audit-client/test/pii-guard.test.ts (5 tests) 6ms
 ✓ services/cmp-050-studio-portal/test/contract/contracts.test.ts (3 tests) 55ms
 ✓ services/cmp-038-event-bus/test/unit/lag-monitor.test.ts (1 test) 4ms
 ✓ services/cmp-050-studio-portal/test/unit/workspace-isolation.test.ts (1 test) 4ms
 ✓ services/cmp-034-master-data/test/unit/authz-context.test.ts (2 tests) 63ms
 ✓ packages/connector-sdk/test/webhook.test.ts (1 test) 3ms
 ✓ packages/outbox/test/discovery.test.ts (1 test) 4ms
 ✓ packages/outbox/test/publisher-source.test.ts (3 tests) 3ms
 ✓ packages/storage/test/simulation-marker.test.ts (2 tests) 47ms
 ✓ packages/observability/test/telemetry.test.ts (3 tests) 15ms
 ✓ packages/connector-sdk/test/egress-imports.test.ts (1 test) 4ms
 ✓ packages/security/test/contract-conformance.test.ts (1 test) 62ms
 ✓ services/cmp-050-studio-portal/test/unit/headers.test.ts (2 tests) 4ms
 ✓ packages/security/test/decision-log-redaction.test.ts (1 test) 3ms
 ✓ services/cmp-055-developer-platform/test/provenance.test.ts (2 tests) 4ms
 ✓ packages/ui-ux4g/test/app-shell.test.tsx (3 tests) 4ms
 ✓ packages/security/test/deny-by-default.test.ts (1 test) 61ms
 ✓ services/cmp-048-security-platform/test/outbox-template.test.ts (1 test) 3ms
 ✓ packages/storage/test/modes.test.ts (4 tests) 4ms
 ✓ packages/security/test/decision-log-canary.test.ts (1 test) 1705ms
   ✓ 1000 decision logs contain no canary (P11) (1)
     ✓ writes 1000 allowlisted lines without canary 1703ms
 ✓ packages/outbox/test/backoff.test.ts (2 tests) 4ms
 ✓ apps/web-admin/test/bff.test.ts (1 test) 20ms
 ✓ packages/connector-sdk/test/no-txn-guard.test.ts (1 test) 4ms
 ✓ apps/web-studio/test/markup.test.tsx (2 tests) 13ms
 ✓ services/cmp-037-integration-hub/test/config.test.ts (1 test) 6ms
 ✓ services/cmp-050-studio-portal/test/unit/kinds.test.ts (2 tests) 5ms
 ✓ packages/connector-sdk/test/circuit-breaker.test.ts (1 test) 8ms
 ✓ services/cmp-055-developer-platform/test/agent-packaging.test.ts (2 tests) 5ms
 ✓ apps/web-admin/test/markup.test.tsx (2 tests) 12ms
 ✓ packages/security/test/secret-value.test.ts (1 test) 5ms
 ✓ packages/security/test/circuit-breaker.test.ts (1 test) 3ms
 ✓ services/cmp-038-event-bus/test/unit/snapshot.test.ts (1 test) 3ms
 ✓ packages/storage/test/object-key.test.ts (1 test) 3ms
 ✓ packages/outbox/test/partitioner.test.ts (1 test) 3ms
 ✓ packages/connector-sdk/test/secrets.test.ts (1 test) 3ms
 ✓ packages/storage/test/checksum.test.ts (2 tests) 5ms
 ✓ packages/outbox/test/metrics.test.ts (1 test) 3ms
 ✓ apps/api/test/readiness.test.ts (1 test) 8ms
 ✓ services/cmp-048-security-platform/test/commands.test.ts (1 test) 4ms

 Test Files  168 passed (168)
      Tests  991 passed (991)
   Start at  12:51:12
   Duration  17.37s (tests 47%, import 37%, transform 10%, worker 6%)

    Isolate  168 workers spawned · ~74ms startup each (spawn + environment, per file)
             at least ~4.08s faster with isolate: false — reuses workers across files instead of one per file

JUNIT report written to /workspace/test-results/unit/junit.xml
 % Coverage report from v8

=============================== Coverage summary ===============================
Statements   : 84.77% ( 11396/13443 )
Branches     : 74.07% ( 7176/9687 )
Functions    : 91.04% ( 2195/2411 )
Lines        : 88.49% ( 10427/11782 )
================================================================================
