
> serviceform-ai@ test:coverage /workspace
> vitest run --coverage


 RUN  v5.0.3 /workspace
      Coverage enabled with v8

 ✓ services/cmp-031-audit-ledger/test/unit/service-units.test.ts (8 tests) 371ms
 ✓ apps/api/test/composition.test.ts (7 tests) 626ms
 ✓ apps/api/test/app.test.ts (14 tests) 270ms
 ✓ services/cmp-002-tenant-organisation/test/unit/plugin-http.test.ts (15 tests) 260ms
 ✓ packages/security/test/decision-log-canary.test.ts (1 test) 1699ms
   ✓ 1000 decision logs contain no canary (P11) (1)
     ✓ writes 1000 allowlisted lines without canary 1697ms
 ✓ services/cmp-031-audit-ledger/test/unit/http-routes.test.ts (13 tests) 249ms
 ✓ services/cmp-048-security-platform/test/service-commands.test.ts (12 tests) 166ms
 ✓ packages/security/test/plugin.test.ts (8 tests) 159ms
 ✓ services/cmp-037-integration-hub/test/invoke.test.ts (8 tests) 151ms
{"level":"warn","time":"2026-10-04T01:45:29.199Z","service":"@serviceform/outbox","version":"0.0.0","error_code":"ENVELOPE_INVALID","message":"dead-lettered"}
{"level":"warn","time":"2026-10-04T01:45:29.206Z","service":"@serviceform/outbox","version":"0.0.0","event_id":"8c2f0a7b-d39f-4c1b-a48c-bf7a5b9d3e08","error_code":"PARTITION_KEY_MISMATCH","message":"dead-lettered"}
{"level":"warn","time":"2026-10-04T01:45:29.218Z","service":"@serviceform/outbox","version":"0.0.0","event_id":"8c2f0a7b-d39f-4c1b-a48c-bf7a5b9d3e08","error_code":"DATA_SCHEMA_INVALID","message":"dead-lettered"}
{"level":"info","time":"2026-10-04T01:45:29.220Z","service":"@serviceform/outbox","version":"0.0.0","event_id":"8c2f0a7b-d39f-4c1b-a48c-bf7a5b9d3e08","message":"lost lease; retry skipped"}
{"level":"info","time":"2026-10-04T01:45:29.222Z","service":"@serviceform/outbox","version":"0.0.0","event_id":"8c2f0a7b-d39f-4c1b-a48c-bf7a5b9d3e08","message":"lost lease; mark skipped"}
{"level":"warn","time":"2026-10-04T01:45:29.227Z","service":"@serviceform/outbox","version":"0.0.0","event_id":"8c2f0a7b-d39f-4c1b-a48c-bf7a5b9d3e08","error_code":"TENANCY_MISMATCH","message":"dead-lettered"}
{"level":"error","time":"2026-10-04T01:45:29.232Z","service":"@serviceform/outbox","version":"0.0.0","error_code":"PUBLISHER_LOOP","message":"Error: sql-fail"}
 ✓ packages/contracts/test/contracts.test.ts (10 tests) 104ms
 ✓ packages/outbox/test/publisher.test.ts (8 tests) 117ms
 ✓ packages/security/test/rate-limit.test.ts (3 tests) 104ms
 ✓ packages/security/test/pdp-client.fault.test.ts (8 tests) 104ms
 ✓ services/cmp-036-api-gateway/test/edge.test.ts (6 tests) 97ms
 ✓ services/cmp-030-consent-privacy/test/unit/authz-context.test.ts (4 tests) 74ms
 ✓ services/cmp-002-tenant-organisation/test/unit/db-repo.test.ts (9 tests) 85ms
 ✓ services/cmp-030-consent-privacy/test/unit/plugin-http.test.ts (1 test) 75ms
 ✓ services/cmp-002-tenant-organisation/test/unit/authz-context-audit.test.ts (7 tests) 75ms
 ✓ packages/audit-client/test/build-event.test.ts (2 tests) 74ms
 ✓ services/cmp-031-audit-ledger/test/contract/audit-event.test.ts (3 tests) 74ms
 ✓ services/cmp-032-storage/test/unit/modes-authz.test.ts (4 tests) 63ms
 ✓ services/cmp-003-jurisdiction/test/contract/contracts.test.ts (4 tests) 66ms
 ✓ services/cmp-030-consent-privacy/test/contract/contracts.test.ts (3 tests) 64ms
 ✓ services/cmp-031-audit-ledger/test/unit/handle-envelope.test.ts (5 tests) 72ms
 ✓ services/cmp-002-tenant-organisation/test/contract/contracts.test.ts (3 tests) 61ms
 ✓ packages/outbox/test/producer.test.ts (8 tests) 63ms
 ✓ services/cmp-038-event-bus/test/unit/operator-actions.test.ts (2 tests) 56ms
 ✓ packages/connector-sdk/test/events.test.ts (1 test) 50ms
 ✓ packages/security/test/deny-by-default.test.ts (1 test) 59ms
 ✓ services/cmp-032-storage/test/contract/contracts.test.ts (4 tests) 61ms
 ✓ packages/connector-sdk/test/modes.test.ts (5 tests) 54ms
 ✓ packages/security/test/contract-conformance.test.ts (1 test) 60ms
 ✓ services/cmp-047-observability/test/plugin.test.ts (2 tests) 60ms
 ✓ services/cmp-031-audit-ledger/test/unit/ledger-writer.test.ts (11 tests) 65ms
 ✓ packages/outbox/test/inbox.test.ts (3 tests) 61ms
 ✓ services/cmp-031-audit-ledger/test/unit/repos-tx.test.ts (8 tests) 54ms
 ✓ services/cmp-037-integration-hub/test/pg.test.ts (1 test) 52ms
 ✓ services/cmp-037-integration-hub/test/echo.test.ts (2 tests) 51ms
 ✓ packages/storage/test/simulated-store.test.ts (3 tests) 54ms
 ✓ services/cmp-048-security-platform/test/events.test.ts (2 tests) 56ms
 ✓ packages/storage/test/simulation-marker.test.ts (2 tests) 53ms
 ✓ packages/security/test/local-kms.test.ts (2 tests) 18ms
 ✓ packages/audit-client/test/http-sink.test.ts (3 tests) 27ms
 ✓ packages/connector-sdk/test/guarded-fetch.test.ts (1 test) 23ms
 ✓ packages/outbox/test/kafka.test.ts (7 tests) 13ms
 ✓ packages/observability/test/telemetry.test.ts (3 tests) 29ms
 ✓ packages/observability/test/access-log.test.ts (3 tests) 15ms
 ✓ apps/api/test/readiness.test.ts (1 test) 10ms
 ✓ packages/outbox/test/role-guard.test.ts (2 tests) 8ms
 ✓ packages/observability/test/redaction.test.ts (3 tests) 12ms
 ✓ packages/security/test/local-secrets-provider.test.ts (2 tests) 8ms
 ✓ services/cmp-031-audit-ledger/test/unit/query-clock.test.ts (6 tests) 7ms
 ✓ services/cmp-038-event-bus/test/unit/sync.test.ts (3 tests) 6ms
 ✓ services/cmp-031-audit-ledger/test/unit/verify-chain.test.ts (4 tests) 6ms
 ✓ services/cmp-055-developer-platform/test/openapi-pipeline.test.ts (5 tests) 5ms
 ✓ packages/outbox/test/in-memory-transport.test.ts (3 tests) 6ms
 ✓ services/cmp-032-storage/test/unit/store-service.test.ts (1 test) 4ms
 ✓ services/cmp-038-event-bus/test/unit/compatibility.test.ts (4 tests) 5ms
 ✓ packages/outbox/test/identifiers.test.ts (5 tests) 5ms
 ✓ packages/audit-client/test/pii-guard.test.ts (5 tests) 5ms
 ✓ services/cmp-038-event-bus/test/unit/registry-service.test.ts (2 tests) 5ms
 ✓ services/cmp-038-event-bus/test/unit/relay.test.ts (2 tests) 5ms
 ✓ services/cmp-037-integration-hub/test/config.test.ts (1 test) 4ms
 ✓ services/cmp-002-tenant-organisation/test/unit/domain.test.ts (4 tests) 4ms
 ✓ packages/connector-sdk/test/retry.test.ts (5 tests) 6ms
 ✓ packages/outbox/test/tx.test.ts (2 tests) 4ms
 ✓ services/cmp-003-jurisdiction/test/unit/domain.test.ts (5 tests) 4ms
 ✓ packages/storage/test/checksum.test.ts (2 tests) 4ms
 ✓ packages/connector-sdk/test/no-txn-guard.test.ts (1 test) 4ms
 ✓ services/cmp-030-consent-privacy/test/unit/access-check.test.ts (4 tests) 4ms
 ✓ services/cmp-055-developer-platform/test/agent-packaging.test.ts (2 tests) 4ms
 ✓ packages/storage/test/modes.test.ts (4 tests) 4ms
 ✓ services/cmp-055-developer-platform/test/provenance.test.ts (2 tests) 4ms
 ✓ packages/security/test/secret-value.test.ts (1 test) 4ms
 ✓ packages/outbox/test/claim.test.ts (1 test) 4ms
 ✓ packages/outbox/test/registry-port.test.ts (3 tests) 4ms
 ✓ packages/connector-sdk/test/egress-imports.test.ts (1 test) 3ms
 ✓ packages/connector-sdk/test/webhook.test.ts (1 test) 3ms
 ✓ services/cmp-038-event-bus/test/unit/lag-monitor.test.ts (1 test) 4ms
 ✓ services/cmp-038-event-bus/test/unit/snapshot.test.ts (1 test) 3ms
 ✓ packages/ui-ux4g/test/app-shell.test.tsx (3 tests) 3ms
 ✓ services/cmp-048-security-platform/test/commands.test.ts (1 test) 4ms
 ✓ packages/outbox/test/discovery.test.ts (1 test) 3ms
 ✓ packages/outbox/test/backoff.test.ts (2 tests) 3ms
 ✓ packages/outbox/test/publisher-source.test.ts (3 tests) 3ms
 ✓ packages/connector-sdk/test/secrets.test.ts (1 test) 3ms
 ✓ packages/outbox/test/partitioner.test.ts (1 test) 3ms
 ✓ packages/security/test/decision-log-redaction.test.ts (1 test) 3ms
 ✓ packages/security/test/circuit-breaker.test.ts (1 test) 3ms
 ✓ packages/connector-sdk/test/circuit-breaker.test.ts (1 test) 3ms
 ✓ services/cmp-048-security-platform/test/outbox-template.test.ts (1 test) 3ms
 ✓ packages/storage/test/object-key.test.ts (1 test) 3ms
 ✓ packages/outbox/test/metrics.test.ts (1 test) 3ms

 Test Files  93 passed (93)
      Tests  348 passed (348)
   Start at  01:45:26
   Duration  8.59s (tests 42%, import 41%, transform 10%, worker 7%)

     Import  368 modules were evaluated 628 times · 6.41s total, 41% of tracked time
             ~436ms faster with isolate: false — shared modules are evaluated once per worker instead of once per file
             learn more: https://vitest.dev/guide/improving-performance#test-isolation

JUNIT report written to /workspace/test-results/unit/junit.xml
 % Coverage report from v8

=============================== Coverage summary ===============================
Statements   : 89.12% ( 3556/3990 )
Branches     : 79.4% ( 2078/2617 )
Functions    : 92.27% ( 669/725 )
Lines        : 91.7% ( 3263/3558 )
================================================================================
