../tmp/cmp038-coverage.vitest.ts (1:241) [33m[UNRESOLVED_IMPORT] [0mCould not resolve 'vitest/config' in ../tmp/cmp038-coverage.vitest.ts
   [38;5;246m╭[0m[38;5;246m─[0m[38;5;246m[[0m ../tmp/cmp038-coverage.vitest.ts:1:242 [38;5;246m][0m
   [38;5;246m│[0m
 [38;5;246m1 │[0m [38;5;249mc[0m[38;5;249mo[0m[38;5;249mn[0m[38;5;249ms[0m[38;5;249mt[0m[38;5;249m [0m[38;5;249m_[0m[38;5;249m_[0m[38;5;249mv[0m[38;5;249mi[0m[38;5;249mt[0m[38;5;249me[0m[38;5;249m_[0m[38;5;249mi[0m[38;5;249mn[0m[38;5;249mj[0m[38;5;249me[0m[38;5;249mc[0m[38;5;249mt[0m[38;5;249me[0m[38;5;249md[0m[38;5;249m_[0m[38;5;249mo[0m[38;5;249mr[0m[38;5;249mi[0m[38;5;249mg[0m[38;5;249mi[0m[38;5;249mn[0m[38;5;249ma[0m[38;5;249ml[0m[38;5;249m_[0m[38;5;249md[0m[38;5;249mi[0m[38;5;249mr[0m[38;5;249mn[0m[38;5;249ma[0m[38;5;249mm[0m[38;5;249me[0m[38;5;249m [0m[38;5;249m=[0m[38;5;249m [0m[38;5;249m"[0m[38;5;249m/[0m[38;5;249mt[0m[38;5;249mm[0m[38;5;249mp[0m[38;5;249m"[0m[38;5;249m;[0m[38;5;249mc[0m[38;5;249mo[0m[38;5;249mn[0m[38;5;249ms[0m[38;5;249mt[0m[38;5;249m [0m[38;5;249m_[0m[38;5;249m_[0m[38;5;249mv[0m[38;5;249mi[0m[38;5;249mt[0m[38;5;249me[0m[38;5;249m_[0m[38;5;249mi[0m[38;5;249mn[0m[38;5;249mj[0m[38;5;249me[0m[38;5;249mc[0m[38;5;249mt[0m[38;5;249me[0m[38;5;249md[0m[38;5;249m_[0m[38;5;249mo[0m[38;5;249mr[0m[38;5;249mi[0m[38;5;249mg[0m[38;5;249mi[0m[38;5;249mn[0m[38;5;249ma[0m[38;5;249ml[0m[38;5;249m_[0m[38;5;249mf[0m[38;5;249mi[0m[38;5;249ml[0m[38;5;249me[0m[38;5;249mn[0m[38;5;249ma[0m[38;5;249mm[0m[38;5;249me[0m[38;5;249m [0m[38;5;249m=[0m[38;5;249m [0m[38;5;249m"[0m[38;5;249m/[0m[38;5;249mt[0m[38;5;249mm[0m[38;5;249mp[0m[38;5;249m/[0m[38;5;249mc[0m[38;5;249mm[0m[38;5;249mp[0m[38;5;249m0[0m[38;5;249m3[0m[38;5;249m8[0m[38;5;249m-[0m[38;5;249mc[0m[38;5;249mo[0m[38;5;249mv[0m[38;5;249me[0m[38;5;249mr[0m[38;5;249ma[0m[38;5;249mg[0m[38;5;249me[0m[38;5;249m.[0m[38;5;249mv[0m[38;5;249mi[0m[38;5;249mt[0m[38;5;249me[0m[38;5;249ms[0m[38;5;249mt[0m[38;5;249m.[0m[38;5;249mt[0m[38;5;249ms[0m[38;5;249m"[0m[38;5;249m;[0m[38;5;249mc[0m[38;5;249mo[0m[38;5;249mn[0m[38;5;249ms[0m[38;5;249mt[0m[38;5;249m [0m[38;5;249m_[0m[38;5;249m_[0m[38;5;249mv[0m[38;5;249mi[0m[38;5;249mt[0m[38;5;249me[0m[38;5;249m_[0m[38;5;249mi[0m[38;5;249mn[0m[38;5;249mj[0m[38;5;249me[0m[38;5;249mc[0m[38;5;249mt[0m[38;5;249me[0m[38;5;249md[0m[38;5;249m_[0m[38;5;249mo[0m[38;5;249mr[0m[38;5;249mi[0m[38;5;249mg[0m[38;5;249mi[0m[38;5;249mn[0m[38;5;249ma[0m[38;5;249ml[0m[38;5;249m_[0m[38;5;249mi[0m[38;5;249mm[0m[38;5;249mp[0m[38;5;249mo[0m[38;5;249mr[0m[38;5;249mt[0m[38;5;249m_[0m[38;5;249mm[0m[38;5;249me[0m[38;5;249mt[0m[38;5;249ma[0m[38;5;249m_[0m[38;5;249mu[0m[38;5;249mr[0m[38;5;249ml[0m[38;5;249m [0m[38;5;249m=[0m[38;5;249m [0m[38;5;249m"[0m[38;5;249mf[0m[38;5;249mi[0m[38;5;249ml[0m[38;5;249me[0m[38;5;249m:[0m[38;5;249m/[0m[38;5;249m/[0m[38;5;249m/[0m[38;5;249mt[0m[38;5;249mm[0m[38;5;249mp[0m[38;5;249m/[0m[38;5;249mc[0m[38;5;249mm[0m[38;5;249mp[0m[38;5;249m0[0m[38;5;249m3[0m[38;5;249m8[0m[38;5;249m-[0m[38;5;249mc[0m[38;5;249mo[0m[38;5;249mv[0m[38;5;249me[0m[38;5;249mr[0m[38;5;249ma[0m[38;5;249mg[0m[38;5;249me[0m[38;5;249m.[0m[38;5;249mv[0m[38;5;249mi[0m[38;5;249mt[0m[38;5;249me[0m[38;5;249ms[0m[38;5;249mt[0m[38;5;249m.[0m[38;5;249mt[0m[38;5;249ms[0m[38;5;249m"[0m[38;5;249m;[0m[38;5;249mi[0m[38;5;249mm[0m[38;5;249mp[0m[38;5;249mo[0m[38;5;249mr[0m[38;5;249mt[0m[38;5;249m [0m[38;5;249m{[0m[38;5;249m [0m[38;5;249md[0m[38;5;249me[0m[38;5;249mf[0m[38;5;249mi[0m[38;5;249mn[0m[38;5;249me[0m[38;5;249mC[0m[38;5;249mo[0m[38;5;249mn[0m[38;5;249mf[0m[38;5;249mi[0m[38;5;249mg[0m[38;5;249m [0m[38;5;249m}[0m[38;5;249m [0m[38;5;249mf[0m[38;5;249mr[0m[38;5;249mo[0m[38;5;249mm[0m[38;5;249m [0m'vitest/config'[38;5;249m;[0m
 [38;5;240m  │[0m                                                                                                                                                                                                                                                  ───────┬───────  
 [38;5;240m  │[0m                                                                                                                                                                                                                                                         ╰───────── Module not found, treating it as an external dependency
[38;5;246m───╯[0m

(!) Your Vite config uses features that are unsupported by `configLoader: 'native'`, which is planned to become the default in a future major version of Vite:
  - ESM syntax in a file loaded as CommonJS (../tmp/cmp038-coverage.vitest.ts:1:1). Use a `.mjs` extension or set `"type": "module"` in the closest package.json
Set `VITE_CONFIG_NATIVE_IGNORE_WARNING=true` to suppress this warning.

 RUN  v5.0.3 /workspace
      Coverage enabled with v8

 ✓ services/cmp-038-event-bus/test/integration/security/producer-consumer.int.test.ts (8 tests) 593ms
{"level":"warn","time":"2026-10-03T17:37:39.554Z","service":"@serviceform/outbox","version":"0.0.0","event_id":"01ea31da-117c-4fe7-b68d-dab11a5646ee","error_code":"PARTITION_KEY_MISMATCH","message":"dead-lettered"}
 ✓ services/cmp-038-event-bus/test/integration/kafka.int.test.ts (5 tests) 24850ms
   ✓ real Kafka 4.1.0 (K1-K5, 004-29) (5)
     ✓ K1 publish after commit and consume with inbox dedup 5638ms
     ✓ K2 per-aggregate order is preserved on the broker 5104ms
     ✓ K3 broker stop/start loses no committed outbox row 6525ms
 ✓ services/cmp-038-event-bus/test/integration/outbox.int.test.ts (5 tests) 2249ms
   ✓ outbox atomicity, ordering, inbox, broker-outage (I1-I13) (5)
     ✓ I7 broker down then up loses no committed events 1566ms
 ✓ services/cmp-038-event-bus/test/integration/migration.int.test.ts (3 tests) 1473ms
   ✓ migration / frozen template (I16, 004-30) (3)
     ✓ round-trips down then up for this migration 1469ms
 ✓ services/cmp-038-event-bus/test/integration/security/privilege-boundary.int.test.ts (14 tests) 797ms
 ✓ services/cmp-038-event-bus/test/integration/security/relay-faults.int.test.ts (7 tests) 800ms
{"level":"warn","time":"2026-10-03T17:37:55.858Z","service":"@serviceform/outbox","version":"0.0.0","event_id":"91e37fa4-fed5-4ca5-88d2-07bb7d76d66c","error_code":"PARTITION_KEY_MISMATCH","message":"dead-lettered"}
 ✓ services/cmp-038-event-bus/test/integration/security/operator-registry.int.test.ts (4 tests) 701ms
 ✓ packages/outbox/test/producer.test.ts (5 tests) 54ms
 ✓ packages/outbox/test/in-memory-transport.test.ts (2 tests) 4ms
 ✓ packages/outbox/test/identifiers.test.ts (4 tests) 4ms
 ✓ services/cmp-038-event-bus/test/unit/compatibility.test.ts (3 tests) 4ms
 ✓ packages/outbox/test/publisher-source.test.ts (3 tests) 3ms
 ✓ services/cmp-038-event-bus/test/unit/snapshot.test.ts (1 test) 3ms
 ✓ packages/outbox/test/partitioner.test.ts (1 test) 3ms
 ✓ packages/outbox/test/backoff.test.ts (2 tests) 3ms
 ✓ packages/outbox/test/metrics.test.ts (1 test) 3ms

 Test Files  16 passed (16)
      Tests  68 passed (68)
   Start at  17:37:22
   Duration  35.14s (tests 94%, import 4%, transform 1%, worker 1%)

JUNIT report written to /workspace/evidence/SF-M01-004/junit/combined.xml
 % Coverage report from v8

=============================== Coverage summary ===============================
Statements   : 78% ( 617/791 )
Branches     : 66.81% ( 306/458 )
Functions    : 77.02% ( 114/148 )
Lines        : 80.69% ( 577/715 )
================================================================================
