
> serviceform-ai@ test:coverage /workspace
> vitest run --coverage


 RUN  v5.0.3 /workspace
      Coverage enabled with v8

 ✓ packages/security/test/decision-log-canary.test.ts (1 test) 1650ms
   ✓ 1000 decision logs contain no canary (P11) (1)
     ✓ writes 1000 allowlisted lines without canary 1648ms
 ✓ apps/api/test/composition-m03.test.ts (5 tests) 1387ms
   ✓ CMP-036 host M03 mounts (REQ: host-mount-m03, INT-011, PLAN-REVIEW-single-writer-apps-api) (4)
     ✓ mounts CMP-001/033/034/051/052/053 under /v1 with frozen deny envelopes and no tenant-header leakage 903ms
     ✓ keeps Wave 1/2/M02 mounts when M03 plugins are registered 424ms
 ✓ apps/api/test/composition-m04.test.ts (10 tests) 1916ms
   ✓ CMP-036 host M04 mounts (REQ: host-mount-m04, INT-011, PLAN-REVIEW-single-writer-apps-api) (9)
     ✓ mounts each M04 component independently 880ms
     ✓ keeps M01/M02/M03 mount lists unchanged when M04 is registered 441ms
 ✓ services/cmp-013-document-upload/test/unit/upload-http.test.ts (30 tests) 704ms
 ✓ apps/api/test/composition.test.ts (7 tests) 677ms
 ✓ services/cmp-039-ai-gateway/test/unit/gateway.test.ts (23 tests) 486ms
 ✓ services/cmp-014-document-intelligence/test/unit/intelligence-http.test.ts (12 tests) 378ms
 ✓ services/cmp-011-evidence-requirements/test/unit/plugin-http.test.ts (27 tests) 392ms
 ✓ apps/api/test/composition-m02.test.ts (4 tests) 380ms
 ✓ services/cmp-031-audit-ledger/test/unit/service-units.test.ts (8 tests) 349ms
 ✓ services/cmp-002-tenant-organisation/test/unit/plugin-http.test.ts (15 tests) 243ms
 ✓ services/cmp-031-audit-ledger/test/unit/http-routes.test.ts (13 tests) 250ms
 ✓ apps/api/test/app.test.ts (14 tests) 276ms
 ✓ services/cmp-008-rules/test/unit/plugin-http.test.ts (15 tests) 231ms
 ✓ services/cmp-005-citizen-profile/test/unit/plugin-http.test.ts (8 tests) 225ms
 ✓ services/cmp-009-dynamic-forms/test/unit/plugin-http.test.ts (9 tests) 199ms
 ✓ services/cmp-001-catalogue/test/unit/plugin-http.test.ts (7 tests) 184ms
 ✓ services/cmp-014-document-intelligence/test/contract/contracts.test.ts (8 tests) 173ms
 ✓ services/cmp-034-master-data/test/unit/plugin-http.test.ts (2 tests) 209ms
 ✓ services/cmp-053-localization/test/unit/plugin-api.test.ts (3 tests) 181ms
 ✓ services/cmp-013-document-upload/test/contract/contracts.test.ts (10 tests) 182ms
 ✓ packages/security/test/plugin.test.ts (8 tests) 155ms
 ✓ services/cmp-052-versioning/test/unit/plugin-http.test.ts (2 tests) 164ms
 ✓ services/cmp-051-maker-checker/test/unit/plugin-http.test.ts (2 tests) 153ms
 ✓ services/cmp-033-metadata/test/unit/plugin-http.test.ts (3 tests) 148ms
 ✓ services/cmp-004-identity-access/test/unit/plugin-http.test.ts (5 tests) 144ms
 ✓ services/cmp-048-security-platform/test/service-commands.test.ts (12 tests) 161ms
 ✓ packages/contracts/test/contracts.test.ts (10 tests) 102ms
{"level":"warn","time":"2026-10-05T12:40:20.807Z","service":"@serviceform/outbox","version":"0.0.0","error_code":"ENVELOPE_INVALID","message":"dead-lettered"}
{"level":"warn","time":"2026-10-05T12:40:20.813Z","service":"@serviceform/outbox","version":"0.0.0","event_id":"8c2f0a7b-d39f-4c1b-a48c-bf7a5b9d3e08","error_code":"PARTITION_KEY_MISMATCH","message":"dead-lettered"}
{"level":"warn","time":"2026-10-05T12:40:20.823Z","service":"@serviceform/outbox","version":"0.0.0","event_id":"8c2f0a7b-d39f-4c1b-a48c-bf7a5b9d3e08","error_code":"DATA_SCHEMA_INVALID","message":"dead-lettered"}
{"level":"info","time":"2026-10-05T12:40:20.826Z","service":"@serviceform/outbox","version":"0.0.0","event_id":"8c2f0a7b-d39f-4c1b-a48c-bf7a5b9d3e08","message":"lost lease; retry skipped"}
{"level":"info","time":"2026-10-05T12:40:20.828Z","service":"@serviceform/outbox","version":"0.0.0","event_id":"8c2f0a7b-d39f-4c1b-a48c-bf7a5b9d3e08","message":"lost lease; mark skipped"}
{"level":"warn","time":"2026-10-05T12:40:20.833Z","service":"@serviceform/outbox","version":"0.0.0","event_id":"8c2f0a7b-d39f-4c1b-a48c-bf7a5b9d3e08","error_code":"TENANCY_MISMATCH","message":"dead-lettered"}
{"level":"error","time":"2026-10-05T12:40:20.839Z","service":"@serviceform/outbox","version":"0.0.0","error_code":"PUBLISHER_LOOP","message":"Error: sql-fail"}
 ✓ packages/outbox/test/publisher.test.ts (8 tests) 116ms
 ✓ services/cmp-037-integration-hub/test/invoke.test.ts (8 tests) 142ms
 ✓ packages/security/test/rate-limit.test.ts (3 tests) 109ms
 ✓ packages/security/test/pdp-client.fault.test.ts (8 tests) 105ms
 ✓ services/cmp-036-api-gateway/test/edge.test.ts (6 tests) 107ms
 ✓ services/cmp-030-consent-privacy/test/unit/plugin-http.test.ts (1 test) 77ms
 ✓ packages/audit-client/test/build-event.test.ts (2 tests) 77ms
 ✓ services/cmp-013-document-upload/test/unit/domain.test.ts (26 tests) 68ms
 ✓ services/cmp-030-consent-privacy/test/unit/authz-context.test.ts (4 tests) 70ms
 ✓ services/cmp-002-tenant-organisation/test/unit/authz-context-audit.test.ts (7 tests) 71ms
 ✓ services/cmp-004-identity-access/test/unit/adapters.test.ts (4 tests) 89ms
 ✓ services/cmp-005-citizen-profile/test/contract/contracts.test.ts (4 tests) 70ms
 ✓ services/cmp-005-citizen-profile/test/unit/domain-authz.test.ts (5 tests) 81ms
 ✓ services/cmp-002-tenant-organisation/test/unit/db-repo.test.ts (9 tests) 82ms
 ✓ services/cmp-008-rules/test/unit/config-ports.test.ts (6 tests) 73ms
 ✓ services/cmp-032-storage/test/unit/modes-authz.test.ts (4 tests) 76ms
 ✓ services/cmp-029-sla-escalation/test/contract/contracts.test.ts (14 tests) 99ms
 ✓ services/cmp-002-tenant-organisation/test/contract/contracts.test.ts (3 tests) 71ms
 ✓ services/cmp-031-audit-ledger/test/contract/audit-event.test.ts (3 tests) 84ms
 ✓ services/cmp-031-audit-ledger/test/unit/handle-envelope.test.ts (5 tests) 79ms
 ✓ services/cmp-031-audit-ledger/test/unit/ledger-writer.test.ts (11 tests) 66ms
 ✓ services/cmp-031-audit-ledger/test/unit/repos-tx.test.ts (8 tests) 67ms
 ✓ services/cmp-033-metadata/test/unit/modes-authz.test.ts (6 tests) 78ms
 ✓ services/cmp-053-localization/test/contract/contracts.test.ts (5 tests) 88ms
 ✓ services/cmp-001-catalogue/test/contract/contracts.test.ts (5 tests) 76ms
 ✓ services/cmp-039-ai-gateway/test/unit/redaction.test.ts (14 tests) 71ms
 ✓ packages/connector-sdk/test/modes.test.ts (5 tests) 58ms
 ✓ services/cmp-037-integration-hub/test/pg.test.ts (1 test) 56ms
 ✓ services/cmp-011-evidence-requirements/test/contract/contracts.test.ts (7 tests) 66ms
 ✓ services/cmp-052-versioning/test/unit/modes-authz.test.ts (4 tests) 64ms
 ✓ services/cmp-009-dynamic-forms/test/unit/config-ports.test.ts (4 tests) 69ms
 ✓ packages/outbox/test/inbox.test.ts (3 tests) 66ms
 ✓ services/cmp-004-identity-access/test/contract/contracts.test.ts (4 tests) 76ms
 ✓ services/cmp-032-storage/test/contract/contracts.test.ts (4 tests) 62ms
 ✓ services/cmp-051-maker-checker/test/unit/modes-authz.test.ts (6 tests) 74ms
 ✓ services/cmp-009-dynamic-forms/test/contract/contracts.test.ts (4 tests) 60ms
 ✓ services/cmp-034-master-data/test/contract/contracts.test.ts (4 tests) 72ms
 ✓ services/cmp-039-ai-gateway/test/unit/guards-config.test.ts (10 tests) 60ms
 ✓ services/cmp-030-consent-privacy/test/contract/contracts.test.ts (3 tests) 64ms
 ✓ packages/outbox/test/producer.test.ts (8 tests) 60ms
 ✓ services/cmp-039-ai-gateway/test/contract/contracts.test.ts (4 tests) 68ms
 ✓ services/cmp-047-observability/test/plugin.test.ts (2 tests) 64ms
 ✓ services/cmp-034-master-data/test/unit/authz-context.test.ts (2 tests) 68ms
 ✓ services/cmp-003-jurisdiction/test/contract/contracts.test.ts (4 tests) 79ms
 ✓ services/cmp-038-event-bus/test/unit/operator-actions.test.ts (2 tests) 64ms
 ✓ services/cmp-033-metadata/test/contract/contracts.test.ts (4 tests) 64ms
 ✓ services/cmp-052-versioning/test/contract/contracts.test.ts (4 tests) 59ms
 ✓ services/cmp-008-rules/test/contract/contracts.test.ts (4 tests) 61ms
 ✓ services/cmp-051-maker-checker/test/contract/contracts.test.ts (4 tests) 59ms
 ✓ services/cmp-053-localization/test/unit/domain.test.ts (7 tests) 61ms
 ✓ packages/security/test/contract-conformance.test.ts (1 test) 66ms
 ✓ services/cmp-048-security-platform/test/events.test.ts (2 tests) 53ms
 ✓ services/cmp-005-citizen-profile/test/unit/db-repo.test.ts (1 test) 58ms
 ✓ packages/security/test/deny-by-default.test.ts (1 test) 59ms
 ✓ services/cmp-034-master-data/test/unit/domain.test.ts (5 tests) 58ms
 ✓ packages/connector-sdk/test/events.test.ts (1 test) 54ms
 ✓ services/cmp-050-studio-portal/test/unit/bff-handlers.test.ts (3 tests) 50ms
 ✓ services/cmp-037-integration-hub/test/echo.test.ts (2 tests) 48ms
 ✓ packages/storage/test/simulated-store.test.ts (3 tests) 47ms
 ✓ services/cmp-050-studio-portal/test/contract/contracts.test.ts (3 tests) 51ms
 ✓ services/cmp-029-sla-escalation/test/unit/sla-api.test.ts (41 tests) 60ms
 ✓ packages/storage/test/simulation-marker.test.ts (2 tests) 58ms
 ✓ packages/audit-client/test/http-sink.test.ts (3 tests) 26ms
 ✓ packages/outbox/test/kafka.test.ts (7 tests) 22ms
 ✓ apps/web-studio/test/bff.test.ts (3 tests) 21ms
 ✓ packages/security/test/local-kms.test.ts (2 tests) 20ms
 ✓ apps/web-admin/test/bff.test.ts (1 test) 20ms
 ✓ services/cmp-029-sla-escalation/test/unit/calendar.test.ts (17 tests) 18ms
 ✓ packages/connector-sdk/test/guarded-fetch.test.ts (1 test) 20ms
 ✓ services/cmp-050-studio-portal/test/unit/public-api.test.ts (1 test) 19ms
 ✓ services/cmp-011-evidence-requirements/test/unit/resolver.test.ts (32 tests) 18ms
 ✓ packages/observability/test/telemetry.test.ts (3 tests) 15ms
 ✓ packages/observability/test/redaction.test.ts (3 tests) 12ms
 ✓ packages/ui-ux4g/test/foundation.test.tsx (17 tests) 11ms
 ✓ services/cmp-008-rules/test/unit/engine.test.ts (7 tests) 13ms
 ✓ services/cmp-011-evidence-requirements/test/unit/policy-predicate.test.ts (42 tests) 13ms
 ✓ apps/web-admin/test/markup.test.tsx (2 tests) 13ms
 ✓ apps/api/test/readiness.test.ts (1 test) 12ms
 ✓ apps/web-studio/test/markup.test.tsx (2 tests) 12ms
 ✓ services/cmp-009-dynamic-forms/test/unit/runtime.test.ts (8 tests) 10ms
 ✓ packages/observability/test/access-log.test.ts (3 tests) 12ms
 ✓ services/cmp-029-sla-escalation/test/unit/clock-domain.test.ts (18 tests) 9ms
 ✓ services/cmp-008-rules/test/unit/jdm.test.ts (18 tests) 9ms
 ✓ services/cmp-031-audit-ledger/test/unit/query-clock.test.ts (6 tests) 7ms
 ✓ services/cmp-008-rules/test/unit/constitution.test.ts (6 tests) 7ms
 ✓ services/cmp-009-dynamic-forms/test/unit/constitution.test.ts (5 tests) 7ms
 ✓ services/cmp-033-metadata/test/unit/kinds-payload.test.ts (5 tests) 7ms
 ✓ services/cmp-031-audit-ledger/test/unit/verify-chain.test.ts (4 tests) 7ms
 ✓ services/cmp-055-developer-platform/test/openapi-pipeline.test.ts (5 tests) 6ms
 ✓ packages/security/test/local-secrets-provider.test.ts (2 tests) 6ms
 ✓ services/cmp-038-event-bus/test/unit/sync.test.ts (3 tests) 6ms
 ✓ services/cmp-050-studio-portal/test/unit/session.test.ts (6 tests) 6ms
 ✓ services/cmp-038-event-bus/test/unit/relay.test.ts (2 tests) 5ms
 ✓ packages/outbox/test/role-guard.test.ts (2 tests) 6ms
 ✓ packages/outbox/test/in-memory-transport.test.ts (3 tests) 5ms
 ✓ services/cmp-038-event-bus/test/unit/compatibility.test.ts (4 tests) 5ms
 ✓ services/cmp-038-event-bus/test/unit/registry-service.test.ts (2 tests) 5ms
 ✓ packages/audit-client/test/pii-guard.test.ts (5 tests) 5ms
 ✓ services/cmp-002-tenant-organisation/test/unit/domain.test.ts (4 tests) 5ms
 ✓ packages/outbox/test/identifiers.test.ts (5 tests) 5ms
 ✓ services/cmp-001-catalogue/test/unit/domain.test.ts (6 tests) 5ms
 ✓ services/cmp-050-studio-portal/test/unit/int002-journey.test.ts (2 tests) 5ms
 ✓ packages/outbox/test/tx.test.ts (2 tests) 4ms
 ✓ services/cmp-004-identity-access/test/unit/principal-verifier.test.ts (3 tests) 5ms
 ✓ services/cmp-030-consent-privacy/test/unit/access-check.test.ts (4 tests) 5ms
 ✓ services/cmp-032-storage/test/unit/store-service.test.ts (1 test) 5ms
 ✓ packages/storage/test/checksum.test.ts (2 tests) 5ms
 ✓ packages/storage/test/modes.test.ts (4 tests) 5ms
 ✓ services/cmp-050-studio-portal/test/unit/kinds.test.ts (2 tests) 4ms
 ✓ services/cmp-050-studio-portal/test/unit/workspace-isolation.test.ts (1 test) 4ms
 ✓ services/cmp-050-studio-portal/test/unit/maker-checker-ux.test.ts (3 tests) 4ms
 ✓ services/cmp-003-jurisdiction/test/unit/domain.test.ts (5 tests) 4ms
 ✓ services/cmp-050-studio-portal/test/unit/headers.test.ts (2 tests) 6ms
 ✓ services/cmp-055-developer-platform/test/agent-packaging.test.ts (2 tests) 4ms
 ✓ packages/connector-sdk/test/retry.test.ts (5 tests) 4ms
 ✓ packages/outbox/test/registry-port.test.ts (3 tests) 4ms
 ✓ services/cmp-038-event-bus/test/unit/snapshot.test.ts (1 test) 4ms
 ✓ services/cmp-055-developer-platform/test/provenance.test.ts (2 tests) 4ms
 ✓ packages/connector-sdk/test/no-txn-guard.test.ts (1 test) 4ms
 ✓ packages/outbox/test/publisher-source.test.ts (3 tests) 4ms
 ✓ services/cmp-037-integration-hub/test/config.test.ts (1 test) 4ms
 ✓ packages/connector-sdk/test/webhook.test.ts (1 test) 4ms
 ✓ packages/security/test/secret-value.test.ts (1 test) 4ms
 ✓ packages/outbox/test/discovery.test.ts (1 test) 4ms
 ✓ packages/outbox/test/backoff.test.ts (2 tests) 3ms
 ✓ services/cmp-038-event-bus/test/unit/lag-monitor.test.ts (1 test) 4ms
 ✓ services/cmp-048-security-platform/test/commands.test.ts (1 test) 4ms
 ✓ packages/connector-sdk/test/circuit-breaker.test.ts (1 test) 3ms
 ✓ packages/connector-sdk/test/egress-imports.test.ts (1 test) 4ms
 ✓ packages/outbox/test/partitioner.test.ts (1 test) 3ms
 ✓ packages/ui-ux4g/test/app-shell.test.tsx (3 tests) 3ms
 ✓ packages/connector-sdk/test/secrets.test.ts (1 test) 3ms
 ✓ packages/outbox/test/claim.test.ts (1 test) 3ms
 ✓ packages/storage/test/object-key.test.ts (1 test) 3ms
 ✓ services/cmp-048-security-platform/test/outbox-template.test.ts (1 test) 3ms
 ✓ packages/security/test/circuit-breaker.test.ts (1 test) 3ms
 ✓ packages/security/test/decision-log-redaction.test.ts (1 test) 3ms
 ✓ packages/outbox/test/metrics.test.ts (1 test) 2ms

 Test Files  166 passed (166)
      Tests  956 passed (956)
   Start at  12:40:13
   Duration  17.52s (tests 49%, import 37%, transform 7%, worker 6%)

    Isolate  166 workers spawned · ~76ms startup each (spawn + environment, per file)
             at least ~4.10s faster with isolate: false — reuses workers across files instead of one per file

JUNIT report written to /workspace/test-results/unit/junit.xml
 % Coverage report from v8

=============================== Coverage summary ===============================
Statements   : 83.9% ( 11262/13422 )
Branches     : 72.86% ( 6980/9579 )
Functions    : 89.53% ( 2164/2417 )
Lines        : 87.72% ( 10310/11753 )
================================================================================
