npm warn Unknown project config "strict-peer-dependencies". This will stop working in the next major version of npm. See `npm help npmrc` for supported config options.
npm warn Unknown project config "auto-install-peers". This will stop working in the next major version of npm. See `npm help npmrc` for supported config options.
npm warn Unknown project config "link-workspace-packages". This will stop working in the next major version of npm. See `npm help npmrc` for supported config options.

 RUN  v5.0.3 /workspace
      Coverage enabled with v8

 ✓ services/cmp-046-operational-dashboard/test/unit/domain.test.ts (22 tests) 7ms
 ✓ services/cmp-046-operational-dashboard/test/unit/service.test.ts (25 tests) 41ms
 ✓ services/cmp-046-operational-dashboard/test/contract/contracts.test.ts (12 tests) 58ms

 Test Files  3 passed (3)
      Tests  59 passed (59)
   Start at  02:05:01
   Duration  411ms (transform 53%, import 21%, tests 19%, worker 7%)

JUNIT report written to /workspace/test-results/unit/junit.xml
 % Coverage report from v8

=============================== Coverage summary ===============================
Statements   : 81.48% ( 352/432 )
Branches     : 76.92% ( 240/312 )
Functions    : 75.55% ( 68/90 )
Lines        : 85.75% ( 313/365 )
================================================================================
exit=0
