PASS lock 29/29 FROZEN
PASS SF-CON-AUDIT-EVENT unchanged
PASS SF-CON-AUTHZ-DECISION unchanged
PASS SF-CON-COMMON unchanged
PASS SF-CON-CONNECTOR-BINDING unchanged
PASS SF-CON-ERROR-RESPONSE unchanged
PASS SF-CON-EVENT-ENVELOPE unchanged
PASS SF-CON-IDEMPOTENCY unchanged
PASS SF-CON-ISOLATION-DECLARATION unchanged
PASS SF-CON-REQUEST-CONTEXT unchanged
PASS SF-CON-SIMULATION-MARKER unchanged
PASS SF-CON-ERROR-CATALOGUE unchanged
PASS SF-CON-DB-SESSION-CONTEXT unchanged
PASS SF-CON-OUTBOX unchanged
PASS SF-CON-APPLICATION-CASE-SM unchanged
PASS SF-CON-WORKFLOW-MODEL unchanged
PASS SF-CON-COMMAND-TRANSITION unchanged
PASS SF-CON-HUMAN-TASK unchanged
PASS SF-CON-SLA-CLOCK unchanged
PASS SF-CON-VERSION-PINNING unchanged
PASS existing_19 hashes_changed=0
PASS NEW SF-CON-FEE-QUOTE hash=cf5c47aeb958b3eafca7f2cbb1f6f84ddf61fc9bac5978763cbf862e29968015
PASS NEW SF-CON-PAYMENT-INTENT hash=776d1f6eae458efe4620d6175bf04d185f6cdfe9f9a9ed84ba68c2513b04b0ef
PASS NEW SF-CON-PAYMENT-CALLBACK hash=ca0bacba68d9dd2ee4baa543d2314215ad7ad4603f374991704a1a855fbaff3a
PASS NEW SF-CON-NOTIFICATION-DISPATCH hash=9f3e790a54d4b6a7b0ad7481f3b12ee8cab14a9d56d55928c7b657e94f7f38e9
PASS NEW SF-CON-MESSAGE-THREAD hash=dd634d71d1593e586da3ea17a03f1dc0f5f116dd45c194a04ca3c5be0e67ce4b
PASS NEW SF-CON-SEARCH-DOCUMENT hash=bfa68e8fc9bf3a431780ab85401d416a85d89f5dcbf1cd5706c0ad5756704f3b
PASS NEW SF-CON-DISCOVERY-QUERY hash=fff3eb9aee99078cd865f5513502743164ece58983995d7fd5b8ddccde270785
PASS NEW SF-CON-RECOMMENDATION hash=6b789a500ee19e44f76f10c181f3289303d98c730bb634421e654c63461c960b
PASS NEW SF-CON-ANALYTICS-METRIC hash=d7831867e305e9031902809fdf405cd16e2d4e8481ebd339100a8f74b67ee890
PASS NEW SF-CON-RETENTION-POLICY hash=463a4c5925335019dc908d98fe5f7db71969408a2b374be5b25b76e7b9652ba0
PASS lock documents APPEND-ONLY
PASS baseline 19_FROZEN_HASHES_MATCH retained
PASS candidate_result present
