PASS retention-policy policy-neutral
PASS retention statutory flag present
PASS recommendation authoritative=false
PASS SF-M06-CG-001.yaml freeze_authorized true
PASS SF-M06-CG-001.yaml freeze_prepared true
PASS SF-M06-CG-001.yaml repository_freeze_effective false
PASS SF-M06-CG-001.yaml implementation_authorized false
PASS SF-M06-CG-001.yaml dispatched false
PASS SF-M06-CG-001.yaml wave_a_eligible false
PASS SF-M06-CG-001.yaml contracts_status FROZEN_CANDIDATE
PASS SF-M06-CG-001.yaml freeze_status PENDING_MERGE
PASS SF-M06-CG-001.yaml orchestration_task_state FREEZE_PREPARED
PASS SF-M06-CG-001.yaml state FREEZE_PREPARED
PASS SF-M06-CG-001.yaml builders false
PASS SF-M06-CG-001.yaml certified false
PASS SF-M06-CG-001.yaml g6 false
PASS SF-M06-CG-001.yaml ccr_required false
PASS SF-M08-CG-001.yaml freeze_authorized true
PASS SF-M08-CG-001.yaml freeze_prepared true
PASS SF-M08-CG-001.yaml repository_freeze_effective false
PASS SF-M08-CG-001.yaml implementation_authorized false
PASS SF-M08-CG-001.yaml dispatched false
PASS SF-M08-CG-001.yaml wave_a_eligible false
PASS SF-M08-CG-001.yaml contracts_status FROZEN_CANDIDATE
PASS SF-M08-CG-001.yaml freeze_status PENDING_MERGE
PASS SF-M08-CG-001.yaml orchestration_task_state FREEZE_PREPARED
PASS SF-M08-CG-001.yaml state FREEZE_PREPARED
PASS SF-M08-CG-001.yaml builders false
PASS SF-M08-CG-001.yaml certified false
PASS SF-M08-CG-001.yaml g6 false
PASS SF-M08-CG-001.yaml ccr_required false
static-scan failures=0
