Scope: all 47 workspace projects
Lockfile is up to date, resolution step is skipped
Progress: resolved 1, reused 0, downloaded 0, added 0
Packages: +485
++++++++++++++++++++++++++++++++++++++++++++++++++++++++++++++++++++++++++++++++
Progress: resolved 485, reused 0, downloaded 168, added 155
Progress: resolved 485, reused 0, downloaded 245, added 212
Progress: resolved 485, reused 0, downloaded 436, added 433
Progress: resolved 485, reused 0, downloaded 485, added 485, done
.../esbuild@0.28.2/node_modules/esbuild postinstall$ node install.js
.../esbuild@0.28.2/node_modules/esbuild postinstall: Done

devDependencies:
+ @axe-core/playwright 4.13.0
+ @eslint/js 9.39.5
+ @next/eslint-plugin-next 16.3.8
+ @playwright/test 1.63.0
+ @types/node 22.20.5
+ @vitest/coverage-v8 5.0.3
+ dependency-cruiser 18.5.0
+ eslint 9.39.5
+ eslint-plugin-security 4.2.0
+ globals 17.13.0
+ prettier 3.9.9
+ typescript 6.0.3
+ typescript-eslint 8.71.0
+ vitest 5.0.3

╭ Warning ─────────────────────────────────────────────────────────────────────╮
│                                                                              │
│   Ignored build scripts: @swc/core@1.16.12.                                  │
│   Run "pnpm approve-builds" to pick which dependencies should be allowed     │
│   to run scripts.                                                            │
│                                                                              │
╰──────────────────────────────────────────────────────────────────────────────╯
Done in 4.3s using pnpm v10.28.0
