policy/opa/sf/authz/decision_test.rego:289:
data.sf.authz_test.test_002_12_global_write: PASS (10.291555ms)
policy/opa/sf/authz/decision_test.rego:282:
data.sf.authz_test.test_002_12_classification_absent: PASS (13.892968ms)
policy/opa/sf/authz/decision_test.rego:246:
data.sf.authz_test.test_r11_positive_grant: PASS (16.596725ms)

policy/opa/sf/authz/jurisdiction_test.rego:5:
data.sf.authz_test.test_assigned_only_positive: PASS (21.790931ms)

policy/opa/sf/authz/decision_test.rego:269:
data.sf.authz_test.test_r13_output_shape: PASS (8.645597ms)
policy/opa/sf/authz/decision_test.rego:262:
data.sf.authz_test.test_r12_workflow_mismatch: PASS (11.906751ms)
policy/opa/sf/authz/decision_test.rego:322:
data.sf.authz_test.test_system_authz_pep_decision: PASS (175.02µs)
policy/opa/sf/authz/decision_test.rego:276:
data.sf.authz_test.test_002_12_role_in_other_tenant: PASS (6.808762ms)
policy/opa/sf/authz/decision_test.rego:326:
data.sf.authz_test.test_system_authz_unauth_put_denied: PASS (212.253µs)
policy/opa/sf/authz/decision_test.rego:330:
data.sf.authz_test.test_system_authz_pep_cannot_write_policy: PASS (194.515µs)
policy/opa/sf/authz/decision_test.rego:334:
data.sf.authz_test.test_manifest_revision_matches_meta: PASS (158.443µs)

policy/opa/system/log/mask_test.rego:6:
data.system.log_test.test_mask_removes_user_and_workflow_fields: PASS (326.279µs)

policy/opa/sf/authz/decision_test.rego:316:
data.sf.authz_test.test_undefined_input_action_null: PASS (7.183697ms)
policy/opa/sf/authz/decision_test.rego:299:
data.sf.authz_test.test_002_14_grant_wrong_user: PASS (12.101414ms)

policy/opa/sf/authz/workflow_test.rego:5:
data.sf.authz_test.test_workflow_positive: PASS (10.689485ms)

policy/opa/sf/authz/role_test.rego:5:
data.sf.authz_test.test_role_office_mismatch: PASS (10.739302ms)

policy/opa/sf/authz/decision_test.rego:21:
data.sf.authz_test.test_r1_empty_input: PASS (3.954217ms)
policy/opa/sf/authz/decision_test.rego:14:
data.sf.authz_test.test_positive_view_allow: PASS (9.557107ms)
policy/opa/sf/authz/decision_test.rego:33:
data.sf.authz_test.test_r3_role_lacks_action: PASS (7.238957ms)
policy/opa/sf/authz/decision_test.rego:27:
data.sf.authz_test.test_r2_unknown_action: PASS (8.519178ms)
policy/opa/sf/authz/decision_test.rego:40:
data.sf.authz_test.test_r3_role_wrong_resource: PASS (10.068005ms)
policy/opa/sf/authz/decision_test.rego:47:
data.sf.authz_test.test_r4_wrong_tenant: PASS (11.706284ms)
policy/opa/sf/authz/decision_test.rego:61:
data.sf.authz_test.test_r4_null_resource_tenant: PASS (5.878996ms)
policy/opa/sf/authz/decision_test.rego:54:
data.sf.authz_test.test_r4_null_subject_tenant: PASS (7.123504ms)
policy/opa/sf/authz/decision_test.rego:68:
data.sf.authz_test.test_r5_tenant_data_absent: PASS (5.55918ms)
policy/opa/sf/authz/decision_test.rego:74:
data.sf.authz_test.test_r6_assigned_only_child: PASS (11.858309ms)
policy/opa/sf/authz/decision_test.rego:84:
data.sf.authz_test.test_r6_descendants_sibling: PASS (11.918365ms)
policy/opa/sf/authz/decision_test.rego:105:
data.sf.authz_test.test_r6_descendants_positive: PASS (9.97346ms)
policy/opa/sf/authz/decision_test.rego:95:
data.sf.authz_test.test_r6_missing_jurisdiction: PASS (14.984627ms)
policy/opa/sf/authz/decision_test.rego:115:
data.sf.authz_test.test_r7_org_mismatch: PASS (5.295916ms)
policy/opa/sf/authz/decision_test.rego:125:
data.sf.authz_test.test_r8_service_out: PASS (8.512474ms)
policy/opa/sf/authz/decision_test.rego:135:
data.sf.authz_test.test_r9_delegation_unknown: PASS (9.593302ms)
policy/opa/sf/authz/decision_test.rego:142:
data.sf.authz_test.test_r9_delegation_subject: PASS (11.816442ms)
policy/opa/sf/authz/decision_test.rego:162:
data.sf.authz_test.test_r9_delegation_positive: PASS (9.185348ms)
policy/opa/sf/authz/decision_test.rego:152:
data.sf.authz_test.test_r9_delegation_expired: PASS (14.425292ms)
policy/opa/sf/authz/decision_test.rego:168:
data.sf.authz_test.test_r10_time_missing_delegation: PASS (10.572673ms)
policy/opa/sf/authz/decision_test.rego:178:
data.sf.authz_test.test_r11_no_grant: PASS (9.617216ms)
policy/opa/sf/authz/decision_test.rego:185:
data.sf.authz_test.test_r11_unapproved_grant: PASS (10.837217ms)

policy/opa/system/authz/authz_test.rego:6:
data.system.authz_test.test_grant_publisher_sf_runtime: PASS (242.084µs)
policy/opa/system/authz/authz_test.rego:10:
data.system.authz_test.test_grant_publisher_cannot_write_tenants: PASS (135.852µs)
policy/opa/system/authz/authz_test.rego:14:
data.system.authz_test.test_pep_may_post_decision: PASS (140.387µs)
policy/opa/system/authz/authz_test.rego:18:
data.system.authz_test.test_unauthenticated_denied: PASS (98.587µs)

policy/opa/sf/authz/tenant_test.rego:6:
data.sf.authz_test.test_tenant_input_present_false_when_action_empty: PASS (149.74µs)

policy/opa/sf/authz/decision_test.rego:219:
data.sf.authz_test.test_r11_grant_other_tenant: PASS (9.183743ms)
policy/opa/sf/authz/decision_test.rego:236:
data.sf.authz_test.test_r11_assurance: PASS (7.660049ms)
policy/opa/sf/authz/decision_test.rego:202:
data.sf.authz_test.test_r11_self_approved: PASS (14.162888ms)

policy/opa/sf/authz/privileged_test.rego:5:
data.sf.authz_test.test_privileged_expired: PASS (7.907725ms)

policy/opa/sf/authz/delegation_test.rego:5:
data.sf.authz_test.test_delegation_not_started: PASS (9.499239ms)
--------------------------------------------------------------------------------
PASS: 48/48
