
 RUN  v5.0.3 /workspace
      Coverage enabled with v8

 ✓ services/cmp-025-notification/test/unit/service.test.ts (25 tests) 34ms
 ✓ services/cmp-025-notification/test/unit/delivery.test.ts (27 tests) 62ms
 ✓ services/cmp-025-notification/test/contract/contracts.test.ts (22 tests) 91ms
 ✓ services/cmp-025-notification/test/unit/pg-repo.test.ts (7 tests) 12ms
 ✓ services/cmp-025-notification/test/unit/wiring.test.ts (7 tests) 11ms
 ✓ services/cmp-025-notification/test/unit/domain.test.ts (31 tests) 9ms

 Test Files  6 passed (6)
      Tests  119 passed (119)
   Start at  02:08:06
   Duration  605ms (transform 44%, tests 24%, import 23%, worker 8%)

JUNIT report written to /workspace/test-results/unit/junit.xml
 % Coverage report from v8
-------------------|---------|----------|---------|---------|-------------------
File               | % Stmts | % Branch | % Funcs | % Lines | Uncovered Line #s 
-------------------|---------|----------|---------|---------|-------------------
All files          |   93.19 |    86.54 |   98.63 |   96.23 |                   
 src               |   96.42 |    95.91 |   95.23 |   98.55 |                   
  context.ts       |   90.47 |     92.1 |     100 |   94.11 | 49                
  index.ts         |   88.88 |    95.45 |      80 |     100 | 44                
 src/api           |   91.66 |    73.91 |     100 |   95.31 |                   
  handler.ts       |   91.66 |    73.91 |     100 |   95.31 | 109,116,142       
 src/connectors    |   90.38 |    81.25 |     100 |   93.75 |                   
  hub-channel.ts   |   92.85 |       75 |     100 |   92.85 | 43                
  registry.ts      |   88.88 |    84.61 |     100 |     100 | 28,41             
  ...ed-channel.ts |      90 |    81.81 |     100 |   89.47 | 39,46             
 src/domain        |   95.65 |    93.28 |   96.15 |   99.23 |                   
  model.ts         |   95.83 |       50 |      75 |   95.83 | 81                
  simulation.ts    |   93.18 |    95.23 |     100 |     100 | 86-87,128         
  uuid.ts          |      85 |    78.94 |     100 |     100 | 4-8,14            
 src/repo          |     100 |    81.25 |     100 |     100 |                   
  pg.ts            |     100 |    81.25 |     100 |     100 | ...,41-94,132,409 
 src/service       |   89.81 |     82.6 |     100 |   93.69 |                   
  delivery.ts      |    92.3 |    87.67 |     100 |   93.02 | ...05,108,118,288 
  input.ts         |   79.01 |       75 |     100 |   90.76 | ...80,184,192,217 
  service.ts       |   96.62 |       90 |     100 |   96.38 | 76,109,193        
  view.ts          |     100 |    83.33 |     100 |     100 | 11                
-------------------|---------|----------|---------|---------|-------------------

=============================== Coverage summary ===============================
Statements   : 93.19% ( 657/705 )
Branches     : 86.54% ( 489/565 )
Functions    : 98.63% ( 144/146 )
Lines        : 96.23% ( 588/611 )
================================================================================
exit=0
