dispatch_base=8b1c26ceb1fd781eab55a34fdc17d376dcc03c1b
== files changed vs base (working tree incl. untracked; final commit adds nothing else)
db/migrations/1759545025000_cmp-025-notification.sql
db/migrations/1759545025001_cmp-025-outbox.sql
evidence/SF-M06-002/EVIDENCE.md
evidence/SF-M06-002/junit/integration.xml
evidence/SF-M06-002/junit/unit.xml
evidence/SF-M06-002/logs/code-commit.txt
evidence/SF-M06-002/logs/coverage.log
evidence/SF-M06-002/logs/depcruise.log
evidence/SF-M06-002/logs/eslint.log
evidence/SF-M06-002/logs/gates.log
evidence/SF-M06-002/logs/integration.log
evidence/SF-M06-002/logs/prettier.log
evidence/SF-M06-002/logs/scope.log
evidence/SF-M06-002/logs/typecheck.log
evidence/SF-M06-002/logs/unit.log
orchestrator/handovers/SF-M06-002.yaml
services/cmp-025-notification/contracts/asyncapi.json
services/cmp-025-notification/contracts/events/notification-event.data.schema.json
services/cmp-025-notification/contracts/isolation.json
services/cmp-025-notification/contracts/openapi.json
services/cmp-025-notification/contracts/topics.json
services/cmp-025-notification/package.json
services/cmp-025-notification/README.md
services/cmp-025-notification/src/api/handler.ts
services/cmp-025-notification/src/audit.ts
services/cmp-025-notification/src/authz.ts
services/cmp-025-notification/src/connectors/hub-channel.ts
services/cmp-025-notification/src/connectors/registry.ts
services/cmp-025-notification/src/connectors/simulated-channel.ts
services/cmp-025-notification/src/context.ts
services/cmp-025-notification/src/domain/fingerprint.ts
services/cmp-025-notification/src/domain/model.ts
services/cmp-025-notification/src/domain/pii-guard.ts
services/cmp-025-notification/src/domain/simulation.ts
services/cmp-025-notification/src/domain/template.ts
services/cmp-025-notification/src/domain/uuid.ts
services/cmp-025-notification/src/errors.ts
services/cmp-025-notification/src/index.ts
services/cmp-025-notification/src/logging.ts
services/cmp-025-notification/src/outbox.ts
services/cmp-025-notification/src/ports/channel-connector.ts
services/cmp-025-notification/src/ports/connector-binding-port.ts
services/cmp-025-notification/src/ports/recipient-directory-port.ts
services/cmp-025-notification/src/repo/pg.ts
services/cmp-025-notification/src/repo/types.ts
services/cmp-025-notification/src/service/delivery.ts
services/cmp-025-notification/src/service/input.ts
services/cmp-025-notification/src/service/service.ts
services/cmp-025-notification/src/service/view.ts
services/cmp-025-notification/src/types.ts
services/cmp-025-notification/test/contract/contracts.test.ts
services/cmp-025-notification/test/doubles/fixtures.ts
services/cmp-025-notification/test/doubles/harness.ts
services/cmp-025-notification/test/doubles/memory-repo.ts
services/cmp-025-notification/test/integration/helpers.ts
services/cmp-025-notification/test/integration/pg-flow.int.test.ts
services/cmp-025-notification/test/integration/privilege-rls.int.test.ts
services/cmp-025-notification/test/unit/delivery.test.ts
services/cmp-025-notification/test/unit/domain.test.ts
services/cmp-025-notification/test/unit/pg-repo.test.ts
services/cmp-025-notification/test/unit/service.test.ts
services/cmp-025-notification/test/unit/wiring.test.ts
services/cmp-025-notification/tsconfig.json
services/cmp-025-notification/vitest.integration.config.ts
services/cmp-025-notification/vitest.unit.config.ts
== out-of-scope paths:
(none)
== pnpm-lock.yaml / contracts / specs / apps / policy / infra / tasks touched:
(none)
RESULT=PASS
