
 RUN  v5.0.3 /workspace

 ✓ packages/security/test/plugin.test.ts (8 tests) 153ms
 ✓ apps/api/test/app.test.ts (14 tests) 249ms
 ✓ services/cmp-036-api-gateway/test/edge.test.ts (6 tests) 106ms
 ✓ packages/security/test/pdp-client.fault.test.ts (8 tests) 105ms
 ✓ packages/audit-client/test/http-sink.test.ts (3 tests) 31ms
 ✓ apps/api/test/composition.test.ts (7 tests) 879ms
   ✓ CMP-036 host Wave 2 Phase B mounts (REQ: Eng-v1.4-CMP-036, SF-M01-W2-004 Phase B) (1)
     ✓ mounts CMP-003/030/032 under /v1 with frozen deny envelopes 382ms
 ✓ packages/observability/test/redaction.test.ts (3 tests) 9ms
 ✓ packages/security/test/rate-limit.test.ts (3 tests) 117ms
 ✓ packages/audit-client/test/build-event.test.ts (2 tests) 87ms
 ✓ packages/observability/test/access-log.test.ts (3 tests) 9ms
 ✓ packages/security/test/local-kms.test.ts (2 tests) 19ms
 ✓ packages/security/test/local-secrets-provider.test.ts (2 tests) 6ms
 ✓ services/cmp-047-observability/test/plugin.test.ts (2 tests) 62ms
 ✓ packages/audit-client/test/pii-guard.test.ts (5 tests) 5ms
 ✓ packages/security/test/contract-conformance.test.ts (1 test) 84ms
 ✓ packages/observability/test/telemetry.test.ts (3 tests) 28ms
 ✓ packages/security/test/decision-log-canary.test.ts (1 test) 522ms
   ✓ 1000 decision logs contain no canary (P11) (1)
     ✓ writes 1000 allowlisted lines without canary 520ms
 ✓ packages/security/test/decision-log-redaction.test.ts (1 test) 5ms
 ✓ packages/security/test/secret-value.test.ts (1 test) 5ms
 ✓ packages/security/test/deny-by-default.test.ts (1 test) 54ms
 ✓ packages/security/test/circuit-breaker.test.ts (1 test) 3ms
 ✓ apps/api/test/readiness.test.ts (1 test) 8ms

 Test Files  22 passed (22)
      Tests  78 passed (78)
   Start at  05:08:09
   Duration  3.02s (import 49%, tests 39%, transform 11%, worker 1%)

    Isolate  22 workers spawned · ~91ms startup each (spawn + environment, per file)
             at least ~575ms faster with isolate: false — reuses workers across files instead of one per file

JUNIT report written to /workspace/test-results/unit/junit.xml
