SF-CON-AUDIT-EVENT               FROZEN  files=1 MATCH in_envelope=True
SF-CON-AUTHZ-DECISION            FROZEN  files=1 MATCH in_envelope=True
SF-CON-COMMON                    FROZEN  files=1 MATCH in_envelope=True
SF-CON-CONNECTOR-BINDING         FROZEN  files=1 MATCH in_envelope=True
SF-CON-ERROR-RESPONSE            FROZEN  files=1 MATCH in_envelope=True
SF-CON-EVENT-ENVELOPE            FROZEN  files=1 MATCH in_envelope=True
SF-CON-IDEMPOTENCY               FROZEN  files=1 MATCH in_envelope=True
SF-CON-ISOLATION-DECLARATION     FROZEN  files=1 MATCH in_envelope=True
SF-CON-REQUEST-CONTEXT           FROZEN  files=1 MATCH in_envelope=True
SF-CON-SIMULATION-MARKER         FROZEN  files=1 MATCH in_envelope=True
SF-CON-ERROR-CATALOGUE           FROZEN  files=1 MATCH in_envelope=True
SF-CON-DB-SESSION-CONTEXT        FROZEN  files=2 MATCH in_envelope=True
SF-CON-OUTBOX                    FROZEN  files=2 MATCH in_envelope=True
SF-CON-APPLICATION-CASE-SM       FROZEN  files=1 MATCH in_envelope=True
SF-CON-WORKFLOW-MODEL            FROZEN  files=1 MATCH in_envelope=True
SF-CON-COMMAND-TRANSITION        FROZEN  files=1 MATCH in_envelope=True
SF-CON-HUMAN-TASK                FROZEN  files=1 MATCH in_envelope=True
SF-CON-SLA-CLOCK                 FROZEN  files=1 MATCH in_envelope=True
SF-CON-VERSION-PINNING           FROZEN  files=1 MATCH in_envelope=True
RESULT 19/19 FROZEN MATCH; envelope_locks=19; set_equal=True
