
> @serviceform/cmp-016-workflow-engine@0.0.0 test:temporal /tmp/wt-SF-M05-STITCH-A-exec/services/cmp-016-workflow-engine
> vitest run --config vitest.temporal.config.ts


 RUN  v5.0.3 /tmp/wt-SF-M05-STITCH-A-exec/services/cmp-016-workflow-engine

2026-10-06T06:33:22.999Z [INFO] asset workflow-bundle-36974d1e6e42109437aa.js 1.77 MiB [emitted] [immutable] (name: main)
runtime modules 883 bytes 4 modules
modules by path ../../node_modules/.pnpm/ 464 KiB
  modules by path ../../node_modules/.pnpm/@temporalio+common@1.24.0/node_modules/@temporal...(truncated) 165 KiB 36 modules
  modules by path ../../node_modules/.pnpm/@temporalio+workflow@1.24.0/node_modules/@tempor...(truncated) 223 KiB 29 modules
  modules by path ../../node_modules/.pnpm/nexus-rpc@0.0.3/node_modules/nexus-rpc/lib/ 22.3 KiB 13 modules
  + 2 modules
modules by path ./src/ 52.8 KiB
  modules by path ./src/domain/*.ts 40.6 KiB 6 modules
  modules by path ./src/temporal/ 8.78 KiB
    modules by path ./src/temporal/sdk/*.ts 4.63 KiB 2 modules
    + 2 modules
  ./src/errors.ts 3.43 KiB [built] [code generated]
optional modules 30 bytes [optional]
  __temporal_custom_payload_converter (ignored) 15 bytes [optional] [built] [code generated]
  __temporal_custom_failure_converter (ignored) 15 bytes [optional] [built] [code generated]
webpack 5.111.1 compiled successfully in 590 ms
2026-10-06T06:33:23.006Z [INFO] Workflow bundle created { size: '1.77MB' }
2026-10-06T06:33:23.191825Z  WARN temporalio_sdk_core::worker: Temporal Server 1.16.0 or newer is required to guarantee that the latest heartbeat details are preserved when an activity fails; the server did not advertise the activity_failure_include_heartbeat capability, so heartbeat details may be lost on failure
2026-10-06T06:33:23.193Z [INFO] Worker state changed {
  sdkComponent: 'worker',
  taskQueue: 'sf-workflow-sdk-test',
  state: 'RUNNING'
}
2026-10-06T06:33:23.194Z [INFO] No Nexus services registered, not polling for Nexus tasks { sdkComponent: 'worker', taskQueue: 'sf-workflow-sdk-test' }
2026-10-06T06:33:23.690Z [WARN] workflow event rejected {
  sdkComponent: 'workflow',
  taskQueue: 'sf-workflow-sdk-test',
  namespace: 'default',
  workflowId: 'sf-wf:11111111-1111-4111-8111-111111111111:aaf8d003-14bf-437f-bbac-28b8b5fbd4d7',
  runId: 'db11e8ae-81e6-4757-a1b3-919ca3eb4d48',
  workflowType: 'serviceformCanonicalWorkflow',
  event: 'COMMITTED',
  code: 'SF-WF-001',
  detail: 'ADVANCE_BEFORE_DOMAIN_COMMIT'
}
2026-10-06T06:33:23.882Z [WARN] workflow event rejected {
  sdkComponent: 'workflow',
  taskQueue: 'sf-workflow-sdk-test',
  namespace: 'default',
  workflowId: 'sf-wf:11111111-1111-4111-8111-111111111111:6012791e-5b07-4761-943c-6c649ed565f1',
  runId: '152c57e8-a5aa-4573-9c54-66332572400e',
  workflowType: 'serviceformCanonicalWorkflow',
  event: 'COMMITTED',
  code: 'SF-TEN-002',
  detail: 'SIGNAL_SCOPE_MISMATCH'
}
2026-10-06T06:33:24.516Z [WARN] Activity failed {
  sdkComponent: 'worker',
  taskQueue: 'sf-workflow-sdk-test',
  isLocal: false,
  attempt: 1,
  namespace: 'default',
  taskToken: 'AAdkZWZhdWx0AE9zZi13ZjoxMTExMTExMS0xMTExLTQxMTEtODExMS0xMTExMTExMTExMTE6YmFjZTZiZTItODQwYi00MGRiLWI3MDAtN2JkYzhhZDMyODkwACQyMGFlMDM2ZC0zYTVmLTRkZTAtYWY4MC1jNDg3ZjJmZjA5MDMAAAAAAAAAEQAAAAE=',
  activityId: '3',
  activityType: 'createHumanTask',
  workflowId: 'sf-wf:11111111-1111-4111-8111-111111111111:bace6be2-840b-40db-b700-7bdc8ad32890',
  workflowRunId: '20ae036d-3a5f-4de0-af80-c487f2ff0903',
  workflowType: 'serviceformCanonicalWorkflow',
  error: Error: CMP-017 temporarily unavailable
      at Object.create (/tmp/wt-SF-M05-STITCH-A-exec/services/cmp-016-workflow-engine/test/temporal/sdk-worker.int.test.ts:77:13)
      at performEffect (/tmp/wt-SF-M05-STITCH-A-exec/services/cmp-016-workflow-engine/src/temporal/activities.ts:49:30)
      at createHumanTask (/tmp/wt-SF-M05-STITCH-A-exec/services/cmp-016-workflow-engine/src/temporal/sdk/activities.ts:47:13)
      at executeNextHandler (/tmp/wt-SF-M05-STITCH-A-exec/node_modules/.pnpm/@temporalio+worker@1.24.0/node_modules/@temporalio/worker/lib/activity.js:102:54)
      at Activity.execute (/tmp/wt-SF-M05-STITCH-A-exec/node_modules/.pnpm/@temporalio+worker@1.24.0/node_modules/@temporalio/worker/lib/activity.js:104:26)
      at /tmp/wt-SF-M05-STITCH-A-exec/node_modules/.pnpm/@temporalio+worker@1.24.0/node_modules/@temporalio/worker/lib/activity.js:152:29
      at AsyncLocalStorage.run (node:internal/async_local_storage/async_hooks:91:14)
      at NativeConnection.withAbortSignal (/tmp/wt-SF-M05-STITCH-A-exec/node_modules/.pnpm/@temporalio+worker@1.24.0/node_modules/@temporalio/worker/lib/connection.js:172:46)
      at Client.withAbortSignal (/tmp/wt-SF-M05-STITCH-A-exec/node_modules/.pnpm/@temporalio+client@1.24.0/node_modules/@temporalio/client/lib/base-client.js:65:38)
      at Activity.executeWithClient (/tmp/wt-SF-M05-STITCH-A-exec/node_modules/.pnpm/@temporalio+worker@1.24.0/node_modules/@temporalio/worker/lib/activity.js:151:33),
  durationMs: 0
}
2026-10-06T06:33:25.579Z [WARN] Workflow failed {
  sdkComponent: 'worker',
  taskQueue: 'sf-workflow-sdk-test',
  namespace: 'default',
  workflowId: 'raw-bpmn-1fde5ba0-2052-4aa6-af91-6c5a7ac3c5ac',
  runId: 'ef192106-93d3-482d-b50c-070270a62c57',
  workflowType: 'serviceformCanonicalWorkflow',
  error: ApplicationFailure: MODEL_INVALID
      at Function.nonRetryable (/tmp/wt-SF-M05-STITCH-A-exec/node_modules/.pnpm/@temporalio+common@1.24.0/node_modules/@temporalio/common/src/failure.ts:254:11)
      at nonRetryable (/tmp/wt-SF-M05-STITCH-A-exec/services/cmp-016-workflow-engine/src/temporal/sdk/workflows.ts:43:28)
      at failure (/tmp/wt-SF-M05-STITCH-A-exec/services/cmp-016-workflow-engine/src/temporal/sdk/workflows.ts:127:42)
      at Script.runInContext (node:vm:149:12)
      at Proxy.<anonymous> (/tmp/wt-SF-M05-STITCH-A-exec/node_modules/.pnpm/@temporalio+worker@1.24.0/node_modules/@temporalio/worker/lib/workflow/reusable-vm.js:216:45)
      at ReusableVMWorkflow.activate (/tmp/wt-SF-M05-STITCH-A-exec/node_modules/.pnpm/@temporalio+worker@1.24.0/node_modules/@temporalio/worker/lib/workflow/vm-shared.js:403:37)
      at handleRequest (/tmp/wt-SF-M05-STITCH-A-exec/node_modules/.pnpm/@temporalio+worker@1.24.0/node_modules/@temporalio/worker/lib/workflow/workflow-worker-thread.js:73:47)
      at MessagePort.<anonymous> (/tmp/wt-SF-M05-STITCH-A-exec/node_modules/.pnpm/@temporalio+worker@1.24.0/node_modules/@temporalio/worker/lib/workflow/workflow-worker-thread.js:145:28)
      at [nodejs.internal.kHybridDispatch] (node:internal/event_target:827:20)
      at MessagePort.<anonymous> (node:internal/per_context/messageport:23:28) {
    [cause]: undefined
  }
}
2026-10-06T06:33:25.589Z [WARN] Workflow failed {
  sdkComponent: 'worker',
  taskQueue: 'sf-workflow-sdk-test',
  namespace: 'default',
  workflowId: 'raw-engine-1fde5ba0-2052-4aa6-af91-6c5a7ac3c5ac',
  runId: 'c5b50e4f-5496-48d6-b98f-bdf0026b4fa3',
  workflowType: 'serviceformCanonicalWorkflow',
  error: ApplicationFailure: BPMN_RUNTIME_FORBIDDEN
      at Function.nonRetryable (/tmp/wt-SF-M05-STITCH-A-exec/node_modules/.pnpm/@temporalio+common@1.24.0/node_modules/@temporalio/common/src/failure.ts:254:11)
      at nonRetryable (/tmp/wt-SF-M05-STITCH-A-exec/services/cmp-016-workflow-engine/src/temporal/sdk/workflows.ts:43:28)
      at failure (/tmp/wt-SF-M05-STITCH-A-exec/services/cmp-016-workflow-engine/src/temporal/sdk/workflows.ts:127:42)
      at Script.runInContext (node:vm:149:12)
      at Proxy.<anonymous> (/tmp/wt-SF-M05-STITCH-A-exec/node_modules/.pnpm/@temporalio+worker@1.24.0/node_modules/@temporalio/worker/lib/workflow/reusable-vm.js:216:45)
      at ReusableVMWorkflow.activate (/tmp/wt-SF-M05-STITCH-A-exec/node_modules/.pnpm/@temporalio+worker@1.24.0/node_modules/@temporalio/worker/lib/workflow/vm-shared.js:403:37)
      at handleRequest (/tmp/wt-SF-M05-STITCH-A-exec/node_modules/.pnpm/@temporalio+worker@1.24.0/node_modules/@temporalio/worker/lib/workflow/workflow-worker-thread.js:73:47)
      at MessagePort.<anonymous> (/tmp/wt-SF-M05-STITCH-A-exec/node_modules/.pnpm/@temporalio+worker@1.24.0/node_modules/@temporalio/worker/lib/workflow/workflow-worker-thread.js:145:28)
      at [nodejs.internal.kHybridDispatch] (node:internal/event_target:827:20)
      at MessagePort.<anonymous> (node:internal/per_context/messageport:23:28) {
    [cause]: undefined
  }
}
2026-10-06T06:33:25.625Z [WARN] Workflow failed {
  sdkComponent: 'worker',
  taskQueue: 'sf-workflow-sdk-test',
  namespace: 'default',
  workflowId: 'raw-officer-f94f11b0-fe86-4d78-b9f8-8490326b75d4',
  runId: 'ad8e8cea-a4f4-4489-80f1-046e636bec6c',
  workflowType: 'serviceformCanonicalWorkflow',
  error: ApplicationFailure: NAMED_OFFICER_FORBIDDEN
      at Function.nonRetryable (/tmp/wt-SF-M05-STITCH-A-exec/node_modules/.pnpm/@temporalio+common@1.24.0/node_modules/@temporalio/common/src/failure.ts:254:11)
      at nonRetryable (/tmp/wt-SF-M05-STITCH-A-exec/services/cmp-016-workflow-engine/src/temporal/sdk/workflows.ts:43:28)
      at failure (/tmp/wt-SF-M05-STITCH-A-exec/services/cmp-016-workflow-engine/src/temporal/sdk/workflows.ts:127:42)
      at Script.runInContext (node:vm:149:12)
      at Proxy.<anonymous> (/tmp/wt-SF-M05-STITCH-A-exec/node_modules/.pnpm/@temporalio+worker@1.24.0/node_modules/@temporalio/worker/lib/workflow/reusable-vm.js:216:45)
      at ReusableVMWorkflow.activate (/tmp/wt-SF-M05-STITCH-A-exec/node_modules/.pnpm/@temporalio+worker@1.24.0/node_modules/@temporalio/worker/lib/workflow/vm-shared.js:403:37)
      at handleRequest (/tmp/wt-SF-M05-STITCH-A-exec/node_modules/.pnpm/@temporalio+worker@1.24.0/node_modules/@temporalio/worker/lib/workflow/workflow-worker-thread.js:73:47)
      at MessagePort.<anonymous> (/tmp/wt-SF-M05-STITCH-A-exec/node_modules/.pnpm/@temporalio+worker@1.24.0/node_modules/@temporalio/worker/lib/workflow/workflow-worker-thread.js:145:28)
      at [nodejs.internal.kHybridDispatch] (node:internal/event_target:827:20)
      at MessagePort.<anonymous> (node:internal/per_context/messageport:23:28) {
    [cause]: undefined
  }
}
2026-10-06T06:33:25.627Z [INFO] Worker state changed {
  sdkComponent: 'worker',
  taskQueue: 'sf-workflow-sdk-test',
  state: 'STOPPING'
}
2026-10-06T06:33:25.627Z [INFO] Worker state changed {
  sdkComponent: 'worker',
  taskQueue: 'sf-workflow-sdk-test',
  state: 'DRAINING'
}
2026-10-06T06:33:25.632Z [INFO] Worker state changed {
  sdkComponent: 'worker',
  taskQueue: 'sf-workflow-sdk-test',
  state: 'DRAINED'
}
2026-10-06T06:33:25.632Z [INFO] Worker state changed {
  sdkComponent: 'worker',
  taskQueue: 'sf-workflow-sdk-test',
  state: 'STOPPED'
}
 ✓ test/temporal/sdk-worker.int.test.ts (12 tests) 4110ms
   ✓ Temporal SDK binding: worker, client, signals, timers, activities (time-skipping server) (12)
     ✓ activities are retry-safe: a failed CMP-017 call is retried with the same idempotency key 1063ms

 Test Files  1 passed (1)
      Tests  12 passed (12)
   Start at  06:33:21
   Duration  4.62s (tests 91%, import 6%, transform 3%)

JUNIT report written to /tmp/wt-SF-M05-STITCH-A-exec/services/cmp-016-workflow-engine/evidence/junit/temporal.xml
