
 RUN  v5.0.3 /workspace/services/cmp-038-event-bus

{"level":"warn","time":"2026-10-04T17:03:29.094Z","service":"@serviceform/outbox","version":"0.0.0","event_id":"7a18f3bb-99e6-42e4-8dc5-04f716977438","error_code":"PARTITION_KEY_MISMATCH","message":"dead-lettered"}
 ✓ test/integration/kafka.int.test.ts (5 tests) 25697ms
   ✓ real Kafka 4.1.0 (K1-K5, 004-29) (5)
     ✓ K1 publish after commit and consume with inbox dedup 5695ms
     ✓ K2 per-aggregate order is preserved on the broker 5110ms
     ✓ K3 broker stop/start loses no committed outbox row 6544ms
 ✓ test/integration/outbox.int.test.ts (5 tests) 2145ms
   ✓ outbox atomicity, ordering, inbox, broker-outage (I1-I13) (5)
     ✓ I7 broker down then up loses no committed events 1546ms
 ✓ test/integration/migration.int.test.ts (3 tests) 1281ms
   ✓ migration / frozen template (I16, 004-30) (3)
     ✓ round-trips down then up for this migration 1277ms
 ✓ test/integration/security/privilege-boundary.int.test.ts (14 tests) 649ms
 ✓ test/integration/security/relay-faults.int.test.ts (7 tests) 582ms
{"level":"warn","time":"2026-10-04T17:03:44.530Z","service":"@serviceform/outbox","version":"0.0.0","event_id":"58e555a5-bd3a-4164-8a76-b4f6906015cb","error_code":"PARTITION_KEY_MISMATCH","message":"dead-lettered"}
 ✓ test/integration/security/operator-registry.int.test.ts (4 tests) 571ms
 ✓ test/integration/security/producer-consumer.int.test.ts (8 tests) 533ms

 Test Files  7 passed (7)
      Tests  46 passed (46)
   Start at  17:03:11
   Duration  33.84s (tests 95%, import 4%, transform 1%)

JUNIT report written to /workspace/evidence/SF-M04-STITCH-A/m01-envelope-int/SF-M01-004/junit/envelope-int.xml
