
> @serviceform/cmp-016-workflow-engine@0.0.0 test:temporal /workspace/services/cmp-016-workflow-engine
> vitest run --config vitest.temporal.config.ts


 RUN  v5.0.3 /workspace/services/cmp-016-workflow-engine

2026-10-05T15:29:03.446Z [INFO] asset workflow-bundle-9da4bc6de219da9f2be6.js 1.75 MiB [emitted] [immutable] (name: main)
runtime modules 883 bytes 4 modules
modules by path ../../../tmp/temporal-deps/node_modules/@temporalio/ 388 KiB
  modules by path ../../../tmp/temporal-deps/node_modules/@temporalio/common/lib/ 165 KiB 36 modules
  modules by path ../../../tmp/temporal-deps/node_modules/@temporalio/workflow/ 223 KiB 29 modules
modules by path ../../../tmp/temporal-deps/node_modules/nexus-rpc/lib/ 22.3 KiB 13 modules
modules by path ./src/ 52.8 KiB
  modules by path ./src/domain/*.ts 40.6 KiB 6 modules
  modules by path ./src/temporal/ 8.77 KiB 4 modules
  ./src/errors.ts 3.43 KiB [built] [code generated]
optional modules 30 bytes [optional]
  __temporal_custom_payload_converter (ignored) 15 bytes [optional] [built] [code generated]
  __temporal_custom_failure_converter (ignored) 15 bytes [optional] [built] [code generated]
../../../tmp/temporal-deps/node_modules/long/umd/index.js 49.8 KiB [built] [code generated]
../../../tmp/temporal-deps/node_modules/ms/dist/index.cjs 3.41 KiB [built] [code generated]
webpack 5.111.1 compiled successfully in 635 ms
2026-10-05T15:29:03.453Z [INFO] Workflow bundle created { size: '1.75MB' }
2026-10-05T15:29:03.651662Z  WARN temporalio_sdk_core::worker: Temporal Server 1.16.0 or newer is required to guarantee that the latest heartbeat details are preserved when an activity fails; the server did not advertise the activity_failure_include_heartbeat capability, so heartbeat details may be lost on failure
2026-10-05T15:29:03.653Z [INFO] Worker state changed {
  sdkComponent: 'worker',
  taskQueue: 'sf-workflow-sdk-test',
  state: 'RUNNING'
}
2026-10-05T15:29:03.655Z [INFO] No Nexus services registered, not polling for Nexus tasks { sdkComponent: 'worker', taskQueue: 'sf-workflow-sdk-test' }
2026-10-05T15:29:04.209Z [WARN] workflow event rejected {
  sdkComponent: 'workflow',
  taskQueue: 'sf-workflow-sdk-test',
  namespace: 'default',
  workflowId: 'sf-wf:11111111-1111-4111-8111-111111111111:553fe83d-eb30-4459-bfee-cd03d9d90565',
  runId: '4f456948-1866-4d8b-9d0e-5e7e694ad036',
  workflowType: 'serviceformCanonicalWorkflow',
  event: 'COMMITTED',
  code: 'SF-WF-001',
  detail: 'ADVANCE_BEFORE_DOMAIN_COMMIT'
}
2026-10-05T15:29:04.409Z [WARN] workflow event rejected {
  sdkComponent: 'workflow',
  taskQueue: 'sf-workflow-sdk-test',
  namespace: 'default',
  workflowId: 'sf-wf:11111111-1111-4111-8111-111111111111:f4698cb8-9dd5-437a-96d0-5704ceb28e8c',
  runId: '5de4afc1-78f7-4fc1-99d2-a4c5f5e57bc1',
  workflowType: 'serviceformCanonicalWorkflow',
  event: 'COMMITTED',
  code: 'SF-TEN-002',
  detail: 'SIGNAL_SCOPE_MISMATCH'
}
2026-10-05T15:29:05.104Z [WARN] Activity failed {
  sdkComponent: 'worker',
  taskQueue: 'sf-workflow-sdk-test',
  isLocal: false,
  attempt: 1,
  namespace: 'default',
  taskToken: 'AAdkZWZhdWx0AE9zZi13ZjoxMTExMTExMS0xMTExLTQxMTEtODExMS0xMTExMTExMTExMTE6NzliOTdiZmMtNTdhNi00MmQxLWIzYmUtNzg0YzI0MThiOTUzACRjMzZkMjlmZC04YTA5LTQ1NTctODMwOS02NWFjMTFmZGRiYjQAAAAAAAAAEQAAAAE=',
  activityId: '3',
  activityType: 'createHumanTask',
  workflowId: 'sf-wf:11111111-1111-4111-8111-111111111111:79b97bfc-57a6-42d1-b3be-784c2418b953',
  workflowRunId: 'c36d29fd-8a09-4557-8309-65ac11fddbb4',
  workflowType: 'serviceformCanonicalWorkflow',
  error: Error: CMP-017 temporarily unavailable
      at Object.create (/workspace/services/cmp-016-workflow-engine/test/temporal/sdk-worker.int.test.ts:77:13)
      at performEffect (/workspace/services/cmp-016-workflow-engine/src/temporal/activities.ts:49:30)
      at createHumanTask (/workspace/services/cmp-016-workflow-engine/src/temporal/sdk/activities.ts:47:13)
      at executeNextHandler (/tmp/temporal-deps/node_modules/@temporalio/worker/lib/activity.js:102:54)
      at Activity.execute (/tmp/temporal-deps/node_modules/@temporalio/worker/lib/activity.js:104:26)
      at /tmp/temporal-deps/node_modules/@temporalio/worker/lib/activity.js:152:29
      at AsyncLocalStorage.run (node:internal/async_local_storage/async_hooks:91:14)
      at NativeConnection.withAbortSignal (/tmp/temporal-deps/node_modules/@temporalio/worker/lib/connection.js:172:46)
      at Client.withAbortSignal (/tmp/temporal-deps/node_modules/@temporalio/client/lib/base-client.js:65:38)
      at Activity.executeWithClient (/tmp/temporal-deps/node_modules/@temporalio/worker/lib/activity.js:151:33),
  durationMs: 0
}
2026-10-05T15:29:06.213Z [WARN] Workflow failed {
  sdkComponent: 'worker',
  taskQueue: 'sf-workflow-sdk-test',
  namespace: 'default',
  workflowId: 'raw-bpmn-27e3248c-d9cc-442b-9577-36fbc89c714f',
  runId: 'baef3e38-5d88-4777-ab50-43f7b5641f15',
  workflowType: 'serviceformCanonicalWorkflow',
  error: ApplicationFailure: MODEL_INVALID
      at Function.nonRetryable (/tmp/temporal-deps/node_modules/@temporalio/common/src/failure.ts:254:11)
      at nonRetryable (/workspace/services/cmp-016-workflow-engine/src/temporal/sdk/workflows.ts:43:28)
      at failure (/workspace/services/cmp-016-workflow-engine/src/temporal/sdk/workflows.ts:127:42)
      at Script.runInContext (node:vm:149:12)
      at Proxy.<anonymous> (/tmp/temporal-deps/node_modules/@temporalio/worker/lib/workflow/reusable-vm.js:216:45)
      at ReusableVMWorkflow.activate (/tmp/temporal-deps/node_modules/@temporalio/worker/lib/workflow/vm-shared.js:403:37)
      at handleRequest (/tmp/temporal-deps/node_modules/@temporalio/worker/lib/workflow/workflow-worker-thread.js:73:47)
      at MessagePort.<anonymous> (/tmp/temporal-deps/node_modules/@temporalio/worker/lib/workflow/workflow-worker-thread.js:145:28)
      at [nodejs.internal.kHybridDispatch] (node:internal/event_target:827:20)
      at MessagePort.<anonymous> (node:internal/per_context/messageport:23:28) {
    [cause]: undefined
  }
}
2026-10-05T15:29:06.223Z [WARN] Workflow failed {
  sdkComponent: 'worker',
  taskQueue: 'sf-workflow-sdk-test',
  namespace: 'default',
  workflowId: 'raw-engine-27e3248c-d9cc-442b-9577-36fbc89c714f',
  runId: 'd61d23ec-49c1-495b-8cbd-d53a700ef6c7',
  workflowType: 'serviceformCanonicalWorkflow',
  error: ApplicationFailure: BPMN_RUNTIME_FORBIDDEN
      at Function.nonRetryable (/tmp/temporal-deps/node_modules/@temporalio/common/src/failure.ts:254:11)
      at nonRetryable (/workspace/services/cmp-016-workflow-engine/src/temporal/sdk/workflows.ts:43:28)
      at failure (/workspace/services/cmp-016-workflow-engine/src/temporal/sdk/workflows.ts:127:42)
      at Script.runInContext (node:vm:149:12)
      at Proxy.<anonymous> (/tmp/temporal-deps/node_modules/@temporalio/worker/lib/workflow/reusable-vm.js:216:45)
      at ReusableVMWorkflow.activate (/tmp/temporal-deps/node_modules/@temporalio/worker/lib/workflow/vm-shared.js:403:37)
      at handleRequest (/tmp/temporal-deps/node_modules/@temporalio/worker/lib/workflow/workflow-worker-thread.js:73:47)
      at MessagePort.<anonymous> (/tmp/temporal-deps/node_modules/@temporalio/worker/lib/workflow/workflow-worker-thread.js:145:28)
      at [nodejs.internal.kHybridDispatch] (node:internal/event_target:827:20)
      at MessagePort.<anonymous> (node:internal/per_context/messageport:23:28) {
    [cause]: undefined
  }
}
2026-10-05T15:29:06.259Z [WARN] Workflow failed {
  sdkComponent: 'worker',
  taskQueue: 'sf-workflow-sdk-test',
  namespace: 'default',
  workflowId: 'raw-officer-e52d8c9f-8f1d-4be9-8cf8-3823ce0f1a3d',
  runId: '43b0c7e5-3f99-4156-a95e-9dafda1ff2b4',
  workflowType: 'serviceformCanonicalWorkflow',
  error: ApplicationFailure: NAMED_OFFICER_FORBIDDEN
      at Function.nonRetryable (/tmp/temporal-deps/node_modules/@temporalio/common/src/failure.ts:254:11)
      at nonRetryable (/workspace/services/cmp-016-workflow-engine/src/temporal/sdk/workflows.ts:43:28)
      at failure (/workspace/services/cmp-016-workflow-engine/src/temporal/sdk/workflows.ts:127:42)
      at Script.runInContext (node:vm:149:12)
      at Proxy.<anonymous> (/tmp/temporal-deps/node_modules/@temporalio/worker/lib/workflow/reusable-vm.js:216:45)
      at ReusableVMWorkflow.activate (/tmp/temporal-deps/node_modules/@temporalio/worker/lib/workflow/vm-shared.js:403:37)
      at handleRequest (/tmp/temporal-deps/node_modules/@temporalio/worker/lib/workflow/workflow-worker-thread.js:73:47)
      at MessagePort.<anonymous> (/tmp/temporal-deps/node_modules/@temporalio/worker/lib/workflow/workflow-worker-thread.js:145:28)
      at [nodejs.internal.kHybridDispatch] (node:internal/event_target:827:20)
      at MessagePort.<anonymous> (node:internal/per_context/messageport:23:28) {
    [cause]: undefined
  }
}
2026-10-05T15:29:06.262Z [INFO] Worker state changed {
  sdkComponent: 'worker',
  taskQueue: 'sf-workflow-sdk-test',
  state: 'STOPPING'
}
2026-10-05T15:29:06.262Z [INFO] Worker state changed {
  sdkComponent: 'worker',
  taskQueue: 'sf-workflow-sdk-test',
  state: 'DRAINING'
}
2026-10-05T15:29:06.267Z [INFO] Worker state changed {
  sdkComponent: 'worker',
  taskQueue: 'sf-workflow-sdk-test',
  state: 'DRAINED'
}
2026-10-05T15:29:06.267Z [INFO] Worker state changed {
  sdkComponent: 'worker',
  taskQueue: 'sf-workflow-sdk-test',
  state: 'STOPPED'
}
 ✓ test/temporal/sdk-worker.int.test.ts (12 tests) 6153ms
   ✓ Temporal SDK binding: worker, client, signals, timers, activities (time-skipping server) (12)
     ✓ activities are retry-safe: a failed CMP-017 call is retried with the same idempotency key 1116ms

 Test Files  1 passed (1)
      Tests  12 passed (12)
   Start at  15:28:59
   Duration  6.69s (tests 93%, import 4%, transform 2%)

JUNIT report written to /workspace/services/cmp-016-workflow-engine/evidence/junit/temporal.xml
