
> serviceform-ai@ test:coverage /home/ubuntu/wt-SF-M04-STITCH-B
> vitest run --coverage


 RUN  v5.0.3 /home/ubuntu/wt-SF-M04-STITCH-B
      Coverage enabled with v8

 ✓ services/cmp-002-tenant-organisation/test/unit/plugin-http.test.ts (15 tests) 369ms
 ✓ services/cmp-011-evidence-requirements/test/unit/plugin-http.test.ts (27 tests) 552ms
 ✓ services/cmp-013-document-upload/test/unit/upload-http.test.ts (30 tests) 1022ms
 ✓ services/cmp-002-tenant-organisation/test/unit/db-repo.test.ts (9 tests) 109ms
 ✓ services/cmp-037-integration-hub/test/invoke.test.ts (8 tests) 199ms
 ✓ services/cmp-039-ai-gateway/test/unit/gateway.test.ts (23 tests) 709ms
 ✓ services/cmp-008-rules/test/unit/plugin-http.test.ts (15 tests) 353ms
 ✓ services/cmp-053-localization/test/unit/plugin-api.test.ts (3 tests) 300ms
 ✓ services/cmp-011-evidence-requirements/test/unit/resolver.test.ts (32 tests) 26ms
 ✓ services/cmp-048-security-platform/test/service-commands.test.ts (12 tests) 273ms
{"level":"warn","time":"2026-10-05T00:53:25.658Z","service":"@serviceform/outbox","version":"0.0.0","error_code":"ENVELOPE_INVALID","message":"dead-lettered"}
{"level":"warn","time":"2026-10-05T00:53:25.680Z","service":"@serviceform/outbox","version":"0.0.0","event_id":"8c2f0a7b-d39f-4c1b-a48c-bf7a5b9d3e08","error_code":"PARTITION_KEY_MISMATCH","message":"dead-lettered"}
{"level":"warn","time":"2026-10-05T00:53:25.693Z","service":"@serviceform/outbox","version":"0.0.0","event_id":"8c2f0a7b-d39f-4c1b-a48c-bf7a5b9d3e08","error_code":"DATA_SCHEMA_INVALID","message":"dead-lettered"}
{"level":"info","time":"2026-10-05T00:53:25.697Z","service":"@serviceform/outbox","version":"0.0.0","event_id":"8c2f0a7b-d39f-4c1b-a48c-bf7a5b9d3e08","message":"lost lease; retry skipped"}
{"level":"info","time":"2026-10-05T00:53:25.701Z","service":"@serviceform/outbox","version":"0.0.0","event_id":"8c2f0a7b-d39f-4c1b-a48c-bf7a5b9d3e08","message":"lost lease; mark skipped"}
 ✓ services/cmp-004-identity-access/test/unit/plugin-http.test.ts (5 tests) 235ms
{"level":"warn","time":"2026-10-05T00:53:25.721Z","service":"@serviceform/outbox","version":"0.0.0","event_id":"8c2f0a7b-d39f-4c1b-a48c-bf7a5b9d3e08","error_code":"TENANCY_MISMATCH","message":"dead-lettered"}
{"level":"error","time":"2026-10-05T00:53:25.732Z","service":"@serviceform/outbox","version":"0.0.0","error_code":"PUBLISHER_LOOP","message":"Error: sql-fail"}
 ✓ packages/outbox/test/publisher.test.ts (8 tests) 186ms
 ✓ services/cmp-031-audit-ledger/test/unit/http-routes.test.ts (13 tests) 344ms
 ✓ packages/outbox/test/kafka.test.ts (7 tests) 26ms
 ✓ services/cmp-013-document-upload/test/unit/domain.test.ts (26 tests) 108ms
 ✓ services/cmp-011-evidence-requirements/test/unit/policy-predicate.test.ts (42 tests) 17ms
 ✓ services/cmp-014-document-intelligence/test/unit/intelligence-http.test.ts (12 tests) 576ms
 ✓ services/cmp-005-citizen-profile/test/unit/plugin-http.test.ts (8 tests) 283ms
 ✓ services/cmp-001-catalogue/test/unit/plugin-http.test.ts (7 tests) 231ms
 ✓ services/cmp-037-integration-hub/test/pg.test.ts (1 test) 86ms
 ✓ packages/ui-ux4g/test/foundation.test.tsx (17 tests) 23ms
 ✓ services/cmp-009-dynamic-forms/test/unit/plugin-http.test.ts (9 tests) 290ms
 ✓ services/cmp-031-audit-ledger/test/unit/service-units.test.ts (8 tests) 552ms
   ✓ plugin HTTP without context (3)
     ✓ POST and GET return 401 when resolver returns null 432ms
 ✓ apps/api/test/composition-m03.test.ts (5 tests) 1363ms
   ✓ CMP-036 host M03 mounts (REQ: host-mount-m03, INT-011, PLAN-REVIEW-single-writer-apps-api) (4)
     ✓ mounts CMP-001/033/034/051/052/053 under /v1 with frozen deny envelopes and no tenant-header leakage 891ms
     ✓ keeps Wave 1/2/M02 mounts when M03 plugins are registered 393ms
 ✓ apps/api/test/composition.test.ts (7 tests) 734ms
 ✓ services/cmp-005-citizen-profile/test/unit/domain-authz.test.ts (5 tests) 123ms
 ✓ services/cmp-013-document-upload/test/contract/contracts.test.ts (10 tests) 260ms
 ✓ apps/api/test/app.test.ts (14 tests) 416ms
 ✓ services/cmp-031-audit-ledger/test/unit/repos-tx.test.ts (8 tests) 87ms
 ✓ packages/security/test/plugin.test.ts (8 tests) 237ms
 ✓ services/cmp-033-metadata/test/unit/plugin-http.test.ts (3 tests) 228ms
 ✓ services/cmp-039-ai-gateway/test/unit/guards-config.test.ts (10 tests) 63ms
 ✓ services/cmp-009-dynamic-forms/test/unit/runtime.test.ts (8 tests) 11ms
 ✓ apps/api/test/composition-m02.test.ts (4 tests) 533ms
   ✓ CMP-036 host M02 mounts (REQ: host-mount-m02, INT-011, PLAN-REVIEW-single-writer-apps-api) (3)
     ✓ mounts CMP-004/005 under /v1 with frozen deny envelopes and no tenant-header leakage 326ms
 ✓ services/cmp-031-audit-ledger/test/unit/ledger-writer.test.ts (11 tests) 93ms
 ✓ services/cmp-002-tenant-organisation/test/unit/authz-context-audit.test.ts (7 tests) 119ms
 ✓ services/cmp-014-document-intelligence/test/contract/contracts.test.ts (8 tests) 262ms
 ✓ services/cmp-050-studio-portal/test/unit/int002-journey.test.ts (2 tests) 6ms
 ✓ services/cmp-011-evidence-requirements/test/contract/contracts.test.ts (7 tests) 96ms
 ✓ services/cmp-034-master-data/test/unit/plugin-http.test.ts (2 tests) 227ms
 ✓ services/cmp-031-audit-ledger/test/unit/query-clock.test.ts (6 tests) 11ms
 ✓ packages/outbox/test/producer.test.ts (8 tests) 86ms
 ✓ packages/connector-sdk/test/modes.test.ts (5 tests) 83ms
 ✓ packages/outbox/test/inbox.test.ts (3 tests) 89ms
 ✓ services/cmp-033-metadata/test/unit/kinds-payload.test.ts (5 tests) 9ms
 ✓ packages/contracts/test/contracts.test.ts (10 tests) 150ms
 ✓ services/cmp-004-identity-access/test/unit/adapters.test.ts (4 tests) 130ms
 ✓ services/cmp-052-versioning/test/unit/plugin-http.test.ts (2 tests) 225ms
 ✓ services/cmp-005-citizen-profile/test/contract/contracts.test.ts (4 tests) 104ms
 ✓ services/cmp-053-localization/test/contract/contracts.test.ts (5 tests) 92ms
 ✓ services/cmp-051-maker-checker/test/unit/plugin-http.test.ts (2 tests) 204ms
 ✓ services/cmp-002-tenant-organisation/test/contract/contracts.test.ts (3 tests) 98ms
 ✓ services/cmp-005-citizen-profile/test/unit/db-repo.test.ts (1 test) 78ms
 ✓ services/cmp-001-catalogue/test/contract/contracts.test.ts (5 tests) 104ms
 ✓ services/cmp-031-audit-ledger/test/unit/verify-chain.test.ts (4 tests) 11ms
 ✓ services/cmp-030-consent-privacy/test/unit/authz-context.test.ts (4 tests) 114ms
 ✓ services/cmp-030-consent-privacy/test/contract/contracts.test.ts (3 tests) 114ms
 ✓ services/cmp-034-master-data/test/contract/contracts.test.ts (4 tests) 90ms
 ✓ services/cmp-003-jurisdiction/test/contract/contracts.test.ts (4 tests) 92ms
 ✓ services/cmp-004-identity-access/test/unit/principal-verifier.test.ts (3 tests) 6ms
 ✓ packages/outbox/test/role-guard.test.ts (2 tests) 9ms
 ✓ services/cmp-004-identity-access/test/contract/contracts.test.ts (4 tests) 130ms
 ✓ services/cmp-038-event-bus/test/unit/operator-actions.test.ts (2 tests) 90ms
 ✓ services/cmp-036-api-gateway/test/edge.test.ts (6 tests) 170ms
 ✓ services/cmp-038-event-bus/test/unit/compatibility.test.ts (4 tests) 7ms
 ✓ services/cmp-008-rules/test/unit/jdm.test.ts (18 tests) 11ms
 ✓ packages/outbox/test/in-memory-transport.test.ts (3 tests) 8ms
 ✓ services/cmp-037-integration-hub/test/echo.test.ts (2 tests) 84ms
 ✓ services/cmp-008-rules/test/contract/contracts.test.ts (4 tests) 84ms
 ✓ services/cmp-009-dynamic-forms/test/contract/contracts.test.ts (4 tests) 67ms
 ✓ packages/security/test/pdp-client.fault.test.ts (8 tests) 141ms
 ✓ services/cmp-032-storage/test/contract/contracts.test.ts (4 tests) 84ms
 ✓ services/cmp-038-event-bus/test/unit/registry-service.test.ts (2 tests) 7ms
 ✓ services/cmp-033-metadata/test/contract/contracts.test.ts (4 tests) 75ms
 ✓ services/cmp-008-rules/test/unit/constitution.test.ts (6 tests) 11ms
 ✓ services/cmp-009-dynamic-forms/test/unit/constitution.test.ts (5 tests) 14ms
 ✓ services/cmp-008-rules/test/unit/config-ports.test.ts (6 tests) 99ms
 ✓ services/cmp-031-audit-ledger/test/unit/handle-envelope.test.ts (5 tests) 103ms
 ✓ services/cmp-039-ai-gateway/test/contract/contracts.test.ts (4 tests) 83ms
 ✓ services/cmp-009-dynamic-forms/test/unit/config-ports.test.ts (4 tests) 84ms
 ✓ services/cmp-050-studio-portal/test/unit/bff-handlers.test.ts (3 tests) 78ms
 ✓ services/cmp-052-versioning/test/contract/contracts.test.ts (4 tests) 87ms
 ✓ services/cmp-051-maker-checker/test/contract/contracts.test.ts (4 tests) 94ms
 ✓ services/cmp-053-localization/test/unit/domain.test.ts (7 tests) 86ms
 ✓ packages/storage/test/simulated-store.test.ts (3 tests) 87ms
 ✓ services/cmp-033-metadata/test/unit/modes-authz.test.ts (6 tests) 102ms
 ✓ services/cmp-051-maker-checker/test/unit/modes-authz.test.ts (6 tests) 84ms
 ✓ services/cmp-050-studio-portal/test/unit/session.test.ts (6 tests) 7ms
 ✓ apps/web-studio/test/bff.test.ts (3 tests) 32ms
 ✓ packages/audit-client/test/http-sink.test.ts (3 tests) 31ms
 ✓ services/cmp-002-tenant-organisation/test/unit/domain.test.ts (4 tests) 5ms
 ✓ services/cmp-008-rules/test/unit/engine.test.ts (7 tests) 18ms
 ✓ services/cmp-001-catalogue/test/unit/domain.test.ts (6 tests) 16ms
 ✓ services/cmp-030-consent-privacy/test/unit/plugin-http.test.ts (1 test) 139ms
 ✓ packages/observability/test/redaction.test.ts (3 tests) 16ms
 ✓ services/cmp-032-storage/test/unit/store-service.test.ts (1 test) 6ms
 ✓ packages/security/test/rate-limit.test.ts (3 tests) 180ms
 ✓ services/cmp-034-master-data/test/unit/domain.test.ts (5 tests) 64ms
 ✓ services/cmp-052-versioning/test/unit/modes-authz.test.ts (4 tests) 112ms
 ✓ services/cmp-050-studio-portal/test/unit/public-api.test.ts (1 test) 22ms
 ✓ packages/connector-sdk/test/guarded-fetch.test.ts (1 test) 37ms
 ✓ packages/audit-client/test/build-event.test.ts (2 tests) 112ms
 ✓ services/cmp-039-ai-gateway/test/unit/redaction.test.ts (14 tests) 84ms
 ✓ services/cmp-003-jurisdiction/test/unit/domain.test.ts (5 tests) 6ms
 ✓ packages/connector-sdk/test/retry.test.ts (5 tests) 5ms
 ✓ services/cmp-030-consent-privacy/test/unit/access-check.test.ts (4 tests) 6ms
 ✓ services/cmp-050-studio-portal/test/unit/maker-checker-ux.test.ts (3 tests) 5ms
 ✓ services/cmp-031-audit-ledger/test/contract/audit-event.test.ts (3 tests) 94ms
 ✓ packages/observability/test/access-log.test.ts (3 tests) 14ms
 ✓ packages/outbox/test/tx.test.ts (2 tests) 7ms
 ✓ services/cmp-032-storage/test/unit/modes-authz.test.ts (4 tests) 109ms
 ✓ services/cmp-048-security-platform/test/events.test.ts (2 tests) 66ms
 ✓ packages/outbox/test/identifiers.test.ts (5 tests) 6ms
 ✓ services/cmp-047-observability/test/plugin.test.ts (2 tests) 98ms
 ✓ packages/security/test/local-kms.test.ts (2 tests) 27ms
 ✓ packages/connector-sdk/test/events.test.ts (1 test) 76ms
 ✓ packages/security/test/local-secrets-provider.test.ts (2 tests) 8ms
 ✓ services/cmp-038-event-bus/test/unit/sync.test.ts (3 tests) 9ms
 ✓ services/cmp-055-developer-platform/test/openapi-pipeline.test.ts (5 tests) 15ms
 ✓ packages/outbox/test/claim.test.ts (1 test) 4ms
 ✓ packages/outbox/test/registry-port.test.ts (3 tests) 6ms
 ✓ services/cmp-038-event-bus/test/unit/relay.test.ts (2 tests) 10ms
 ✓ packages/audit-client/test/pii-guard.test.ts (5 tests) 8ms
 ✓ services/cmp-050-studio-portal/test/contract/contracts.test.ts (3 tests) 79ms
 ✓ services/cmp-038-event-bus/test/unit/lag-monitor.test.ts (1 test) 5ms
 ✓ services/cmp-050-studio-portal/test/unit/workspace-isolation.test.ts (1 test) 6ms
 ✓ services/cmp-034-master-data/test/unit/authz-context.test.ts (2 tests) 97ms
 ✓ packages/connector-sdk/test/webhook.test.ts (1 test) 4ms
 ✓ packages/outbox/test/discovery.test.ts (1 test) 6ms
 ✓ packages/outbox/test/publisher-source.test.ts (3 tests) 4ms
 ✓ packages/storage/test/simulation-marker.test.ts (2 tests) 54ms
 ✓ packages/observability/test/telemetry.test.ts (3 tests) 42ms
 ✓ packages/security/test/contract-conformance.test.ts (1 test) 92ms
 ✓ packages/connector-sdk/test/egress-imports.test.ts (1 test) 4ms
 ✓ services/cmp-050-studio-portal/test/unit/headers.test.ts (2 tests) 5ms
 ✓ packages/security/test/decision-log-redaction.test.ts (1 test) 4ms
 ✓ services/cmp-055-developer-platform/test/provenance.test.ts (2 tests) 6ms
 ✓ packages/security/test/decision-log-canary.test.ts (1 test) 2117ms
   ✓ 1000 decision logs contain no canary (P11) (1)
     ✓ writes 1000 allowlisted lines without canary 2115ms
 ✓ packages/security/test/deny-by-default.test.ts (1 test) 95ms
 ✓ services/cmp-048-security-platform/test/outbox-template.test.ts (1 test) 5ms
 ✓ packages/ui-ux4g/test/app-shell.test.tsx (3 tests) 4ms
 ✓ packages/storage/test/modes.test.ts (4 tests) 5ms
 ✓ packages/outbox/test/backoff.test.ts (2 tests) 5ms
 ✓ apps/web-admin/test/bff.test.ts (1 test) 24ms
 ✓ packages/connector-sdk/test/no-txn-guard.test.ts (1 test) 4ms
 ✓ services/cmp-037-integration-hub/test/config.test.ts (1 test) 6ms
 ✓ apps/web-studio/test/markup.test.tsx (2 tests) 25ms
 ✓ packages/connector-sdk/test/circuit-breaker.test.ts (1 test) 4ms
 ✓ services/cmp-050-studio-portal/test/unit/kinds.test.ts (2 tests) 7ms
 ✓ services/cmp-055-developer-platform/test/agent-packaging.test.ts (2 tests) 5ms
 ✓ apps/web-admin/test/markup.test.tsx (2 tests) 18ms
 ✓ packages/security/test/secret-value.test.ts (1 test) 4ms
 ✓ packages/security/test/circuit-breaker.test.ts (1 test) 3ms
 ✓ services/cmp-038-event-bus/test/unit/snapshot.test.ts (1 test) 4ms
 ✓ packages/storage/test/object-key.test.ts (1 test) 4ms
 ✓ packages/outbox/test/partitioner.test.ts (1 test) 4ms
 ✓ packages/connector-sdk/test/secrets.test.ts (1 test) 4ms
 ✓ packages/storage/test/checksum.test.ts (2 tests) 6ms
 ✓ apps/api/test/readiness.test.ts (1 test) 10ms
 ✓ packages/outbox/test/metrics.test.ts (1 test) 4ms
 ✓ services/cmp-048-security-platform/test/commands.test.ts (1 test) 4ms

 Test Files  161 passed (161)
      Tests  856 passed (856)
   Start at  00:53:21
   Duration  23.68s (tests 43%, import 38%, transform 12%, worker 6%)

     Import  810 modules were evaluated 1542 times · 17.46s total, 38% of tracked time
             ~1.37s faster with isolate: false — shared modules are evaluated once per worker instead of once per file
             learn more: https://vitest.dev/guide/improving-performance#test-isolation

JUNIT report written to /home/ubuntu/wt-SF-M04-STITCH-B/test-results/unit/junit.xml
 % Coverage report from v8

=============================== Coverage summary ===============================
Statements   : 83.98% ( 10606/12628 )
Branches     : 72.65% ( 6578/9054 )
Functions    : 90.28% ( 2026/2244 )
Lines        : 87.82% ( 9716/11063 )
================================================================================
