
 RUN  v5.0.3 /workspace
      Coverage enabled with v8

 ✓ services/cmp-026-communication-messaging/test/unit/http.test.ts (10 tests) 29ms
 ✓ services/cmp-026-communication-messaging/test/unit/service.test.ts (47 tests) 94ms
 ✓ services/cmp-026-communication-messaging/test/contract/frozen-contracts.test.ts (11 tests) 135ms
 ✓ services/cmp-026-communication-messaging/test/unit/pg-store.test.ts (6 tests) 11ms
 ✓ services/cmp-026-communication-messaging/test/unit/domain.test.ts (10 tests) 12ms
 ✓ services/cmp-026-communication-messaging/test/unit/no-named-branching.test.ts (1 test) 4ms

 Test Files  6 passed (6)
      Tests  85 passed (85)
   Start at  03:27:58
   Duration  640ms (transform 47%, tests 29%, import 16%, worker 8%)

JUNIT report written to /workspace/evidence/SF-M06-003/junit/unit-contract.xml
 % Coverage report from v8

=============================== Coverage summary ===============================
Statements   : 95.99% ( 814/848 )
Branches     : 91.03% ( 528/580 )
Functions    : 95.28% ( 202/212 )
Lines        : 98.27% ( 739/752 )
================================================================================
unit+contract exit=0
