
 RUN  v5.0.3 /workspace/services/cmp-011-evidence-requirements
      Coverage enabled with v8

 ✓ test/integration/rls-api.int.test.ts (6 tests) 844ms
 ✓ test/integration/privilege-boundary.int.test.ts (4 tests) 573ms
 ✓ test/integration/migration.int.test.ts (3 tests) 551ms
 ✓ test/unit/plugin-http.test.ts (26 tests) 383ms
 ✓ test/contract/contracts.test.ts (7 tests) 72ms
 ✓ test/unit/resolver.test.ts (32 tests) 18ms
 ✓ test/unit/policy-predicate.test.ts (42 tests) 14ms

 Test Files  7 passed (7)
      Tests  120 passed (120)
   Start at  15:22:36
   Duration  4.36s (tests 70%, import 19%, transform 8%, worker 3%)

    Isolate  7 workers spawned · ~80ms startup each (spawn + environment, per file)
             at least ~479ms faster with isolate: false — reuses workers across files instead of one per file

 % Coverage report from v8

=============================== Coverage summary ===============================
Statements   : 93.58% ( 934/998 )
Branches     : 87.67% ( 676/771 )
Functions    : 96.85% ( 154/159 )
Lines        : 97.15% ( 820/844 )
================================================================================
