
 RUN  v5.0.3 /workspace
      Coverage enabled with v8

 ✓ services/cmp-035-search-indexing/test/unit/indexer.test.ts (17 tests) 21ms
 ✓ services/cmp-035-search-indexing/test/unit/service.test.ts (13 tests) 45ms
 ✓ services/cmp-035-search-indexing/test/contract/frozen-contracts.test.ts (8 tests) 102ms
 ✓ services/cmp-035-search-indexing/test/unit/pg-store.test.ts (16 tests) 9ms
 ✓ services/cmp-035-search-indexing/test/unit/http.test.ts (9 tests) 10ms
 ✓ services/cmp-035-search-indexing/test/unit/domain.test.ts (24 tests) 8ms
 ✓ services/cmp-035-search-indexing/test/unit/no-named-branching.test.ts (3 tests) 6ms

 Test Files  7 passed (7)
      Tests  90 passed (90)
   Start at  02:37:30
   Duration  553ms (transform 43%, tests 27%, import 19%, worker 10%)

JUNIT report written to /workspace/test-results/unit/junit.xml
 % Coverage report from v8

=============================== Coverage summary ===============================
Statements   : 93.13% ( 461/495 )
Branches     : 88.77% ( 419/472 )
Functions    : 95.49% ( 106/111 )
Lines        : 97.54% ( 397/407 )
================================================================================
