 pnpm-lock.yaml | 4 ++--
 1 file changed, 2 insertions(+), 2 deletions(-)
diff --git a/pnpm-lock.yaml b/pnpm-lock.yaml
index fece7b7..dd836f9 100644
--- a/pnpm-lock.yaml
+++ b/pnpm-lock.yaml
@@ -774,6 +774,8 @@ importers:
         specifier: 8.23.1
         version: 8.23.1
 
+  services/cmp-035-search-indexing: {}
+
   services/cmp-036-api-gateway:
     dependencies:
       '@fastify/rate-limit':
@@ -3450,7 +3452,6 @@ packages:
 
   sonic-boom@4.2.1:
     resolution: {integrity: sha512-w6AxtubXa2wTXAUsZMMWERrsIRAdrK0Sc+FUytWvYAhBJLyuI4llrMIC1DtlNSdI99EI86KZum2MMq3EAZlF9Q==}
-
     engines: {node: '>=0.10.0'}
 
   source-map-js@1.2.2:
@@ -6173,7 +6174,6 @@ snapshots:
     dependencies:
       atomic-sleep: 1.0.0
 
-
   source-map-js@1.2.2: {}
 
   source-map-loader@5.0.0(webpack@5.111.1(@swc/core@1.16.12)):
