
 RUN  v5.0.3 /workspace
      Coverage enabled with v8

 ✓ services/cmp-045-analytics-mis/test/unit/domain.test.ts (13 tests) 13ms
 ✓ services/cmp-045-analytics-mis/test/unit/analytics-api.test.ts (33 tests) 46ms
 ✓ services/cmp-045-analytics-mis/test/unit/pg-repo.test.ts (5 tests) 11ms
 ✓ services/cmp-045-analytics-mis/test/contract/contracts.test.ts (19 tests) 72ms

 Test Files  4 passed (4)
      Tests  70 passed (70)
   Start at  02:12:28
   Duration  469ms (transform 48%, import 25%, tests 20%, worker 7%)

JUNIT report written to /workspace/test-results/unit/junit.xml
 % Coverage report from v8
-------------------|---------|----------|---------|---------|-------------------
File               | % Stmts | % Branch | % Funcs | % Lines | Uncovered Line #s 
-------------------|---------|----------|---------|---------|-------------------
All files          |   88.82 |    81.41 |   88.32 |   91.41 |                   
 src               |   94.11 |    91.25 |    92.3 |   94.54 |                   
  authz.ts         |   88.88 |    85.71 |     100 |    87.5 | 49                
  context.ts       |   94.44 |     87.5 |     100 |     100 | 19-20,40          
  index.ts         |   83.33 |    94.44 |   66.66 |      80 | 35                
  outbox.ts        |    87.5 |    83.33 |     100 |    87.5 | 49                
 src/api           |   95.89 |    85.71 |     100 |   96.92 |                   
  handler.ts       |   95.89 |    85.71 |     100 |   96.92 | 85,89             
 src/domain        |   94.63 |    87.17 |     100 |   99.19 |                   
  envelope.ts      |    87.5 |       86 |     100 |   96.66 | 32                
  fingerprint.ts   |     100 |     87.5 |     100 |     100 | 17                
  projection.ts    |     100 |    94.11 |     100 |     100 | 69                
  uuid.ts          |   89.28 |    73.91 |     100 |     100 | 7-11,17-35        
 src/repo          |   51.45 |    31.34 |      50 |   52.17 |                   
  pg.ts            |   51.45 |    31.34 |      50 |   52.17 | ...38,265-403,436 
 src/service       |   95.34 |    90.65 |     100 |   98.92 |                   
  ...cs-service.ts |   97.94 |     94.2 |     100 |   98.85 | 138,160           
  input.ts         |   91.33 |    88.49 |     100 |   99.04 | 104               
-------------------|---------|----------|---------|---------|-------------------

=============================== Coverage summary ===============================
Statements   : 88.82% ( 636/716 )
Branches     : 81.41% ( 403/495 )
Functions    : 88.32% ( 121/137 )
Lines        : 91.41% ( 564/617 )
================================================================================
exit 0
