# combined applied chain after run20 (run_on order):
1759540150000_cmp-015-application-case
1759540150001_cmp-015-outbox
1759540160000_cmp-016-workflow-engine
1759540160001_cmp-016-outbox
1759540170000_cmp-017-work-queue-tasks
1759540170001_cmp-017-outbox
1759540400000_cmp-029-sla-escalation
1759540400001_cmp-029-outbox
# total applied migrations:
53
# leftover sf_cmp016_rev_* databases:
0
# leftover cmp016-rev-* temp dirs:
0
# schemas present in combined DB:
sf_application_case
sf_sla
sf_tasks
sf_workflow
